 zlib1

 Timestamp is 57f27f09 (Mon Oct  3 17:53:45 2016)

 Preferred load address is 10000000

 Start         Length     Name                   Class
 0001:00000000 0000ae60H .text$mn                CODE
 0002:00000000 000000c4H .idata$5                DATA
 0002:000000c4 00000004H .00cfg                  DATA
 0002:000000c8 00000004H .CRT$XCA                DATA
 0002:000000cc 00000004H .CRT$XCZ                DATA
 0002:000000d0 00000004H .CRT$XIA                DATA
 0002:000000d4 00000004H .CRT$XIZ                DATA
 0002:000000d8 00000004H .CRT$XPA                DATA
 0002:000000dc 00000004H .CRT$XPZ                DATA
 0002:000000e0 00000004H .CRT$XTA                DATA
 0002:000000e4 0000000cH .CRT$XTZ                DATA
 0002:000000f0 00004180H .rdata                  DATA
 0002:00004270 00000004H .rdata$sxdata           DATA
 0002:00004274 000002c4H .rdata$zzzdbg           DATA
 0002:00004538 00000004H .rtc$IAA                DATA
 0002:0000453c 00000004H .rtc$IZZ                DATA
 0002:00004540 00000004H .rtc$TAA                DATA
 0002:00004544 00000004H .rtc$TZZ                DATA
 0002:00004548 00000088H .xdata$x                DATA
 0002:000045d0 000006c8H .edata                  DATA
 0002:00004c98 00000078H .idata$2                DATA
 0002:00004d10 00000014H .idata$3                DATA
 0002:00004d24 000000c4H .idata$4                DATA
 0002:00004de8 000003c0H .idata$6                DATA
 0003:00000000 00000060H .data                   DATA
 0003:00000060 00000380H .bss                    DATA
 0004:00000000 0000001cH .gfids$y                DATA
 0005:00000000 00000060H .rsrc$01                DATA
 0005:00000060 00000330H .rsrc$02                DATA

  Address         Publics by Value              Rva+Base       Lib:Object

 0000:00000000       ___guard_longjmp_table     00000000     <absolute>
 0000:00000000       ___guard_fids_count        00000000     <absolute>
 0000:00000000       ___guard_iat_table         00000000     <absolute>
 0000:00000000       ___dynamic_value_reloc_table 00000000     <absolute>
 0000:00000000       ___guard_longjmp_count     00000000     <absolute>
 0000:00000000       ___guard_fids_table        00000000     <absolute>
 0000:00000000       ___guard_iat_count         00000000     <absolute>
 0000:00000001       ___safe_se_handler_count   00000001     <absolute>
 0000:00000100       ___guard_flags             00000100     <absolute>
 0000:00000000       ___ImageBase               10000000     <linker-defined>
 0001:00000000       _adler32                   10001000 f   adler32.obj
 0001:00000340       _adler32_combine           10001340 f   adler32.obj
 0001:00000360       _adler32_combine64         10001360 f   adler32.obj
 0001:00000380       _compress2                 10001380 f   compress.obj
 0001:00000430       _compress                  10001430 f   compress.obj
 0001:00000450       _compressBound             10001450 f   compress.obj
 0001:00000470       _get_crc_table             10001470 f   crc32.obj
 0001:00000480       _crc32                     10001480 f   crc32.obj
 0001:00000b60       _crc32_combine             10001b60 f   crc32.obj
 0001:00000b80       _crc32_combine64           10001b80 f   crc32.obj
 0001:00000ba0       _deflateInit_              10001ba0 f   deflate.obj
 0001:00000bd0       _deflateInit2_             10001bd0 f   deflate.obj
 0001:00000e00       _deflateSetDictionary      10001e00 f   deflate.obj
 0001:00000fa0       _deflateResetKeep          10001fa0 f   deflate.obj
 0001:00001050       _deflateReset              10002050 f   deflate.obj
 0001:00001080       _deflateSetHeader          10002080 f   deflate.obj
 0001:000010b0       _deflatePending            100020b0 f   deflate.obj
 0001:000010f0       _deflatePrime              100020f0 f   deflate.obj
 0001:00001180       _deflateParams             10002180 f   deflate.obj
 0001:00001270       _deflateTune               10002270 f   deflate.obj
 0001:000012b0       _deflateBound              100022b0 f   deflate.obj
 0001:00001420       _deflate                   10002420 f   deflate.obj
 0001:00001c90       _deflateEnd                10002c90 f   deflate.obj
 0001:00001d60       _deflateCopy               10002d60 f   deflate.obj
 0001:00003050       _gzclose                   10004050 f   gzclose.obj
 0001:00003080       ___local_stdio_printf_options 10004080 f i gzlib.obj
 0001:00003090       __vsnprintf_l              10004090 f i gzlib.obj
 0001:000030c0       __vsnprintf                100040c0 f i gzlib.obj
 0001:000030f0       __snprintf                 100040f0 f i gzlib.obj
 0001:00003490       _gzopen                    10004490 f   gzlib.obj
 0001:000034b0       _gzopen64                  100044b0 f   gzlib.obj
 0001:000034d0       _gzdopen                   100044d0 f   gzlib.obj
 0001:00003520       _gzopen_w                  10004520 f   gzlib.obj
 0001:00003540       _gzbuffer                  10004540 f   gzlib.obj
 0001:00003580       _gzrewind                  10004580 f   gzlib.obj
 0001:000035e0       _gzseek64                  100045e0 f   gzlib.obj
 0001:00003780       _gzseek                    10004780 f   gzlib.obj
 0001:000037c0       _gztell64                  100047c0 f   gzlib.obj
 0001:00003820       _gztell                    10004820 f   gzlib.obj
 0001:00003850       _gzoffset64                10004850 f   gzlib.obj
 0001:000038b0       _gzoffset                  100048b0 f   gzlib.obj
 0001:000038e0       _gzeof                     100048e0 f   gzlib.obj
 0001:00003910       _gzerror                   10004910 f   gzlib.obj
 0001:00003960       _gzclearerr                10004960 f   gzlib.obj
 0001:000039b0       _gz_error                  100049b0 f   gzlib.obj
 0001:00003f20       _gzread                    10004f20 f   gzread.obj
 0001:00004070       _gzgetc                    10005070 f   gzread.obj
 0001:000040d0       _gzgetc_                   100050d0 f   gzread.obj
 0001:000040e0       _gzungetc                  100050e0 f   gzread.obj
 0001:000041b0       _gzgets                    100051b0 f   gzread.obj
 0001:000042c0       _gzdirect                  100052c0 f   gzread.obj
 0001:00004300       _gzclose_r                 10005300 f   gzread.obj
 0001:00004390       _vsnprintf                 10005390 f i gzwrite.obj
 0001:000046a0       _gzwrite                   100056a0 f   gzwrite.obj
 0001:000047c0       _gzputc                    100057c0 f   gzwrite.obj
 0001:00004870       _gzputs                    10005870 f   gzwrite.obj
 0001:000048b0       _gzvprintf                 100058b0 f   gzwrite.obj
 0001:00004990       _gzprintf                  10005990 f   gzwrite.obj
 0001:000049b0       _gzflush                   100059b0 f   gzwrite.obj
 0001:00004a10       _gzsetparams               10005a10 f   gzwrite.obj
 0001:00004ac0       _gzclose_w                 10005ac0 f   gzwrite.obj
 0001:00004b70       _inflateBackInit_          10005b70 f   infback.obj
 0001:00004c60       _inflateBack               10005c60 f   infback.obj
 0001:00005a00       _inflateBackEnd            10006a00 f   infback.obj
 0001:00005a40       _inflate_fast              10006a40 f   inffast.obj
 0001:00005e70       _inflateResetKeep          10006e70 f   inflate.obj
 0001:00005f10       _inflateReset              10006f10 f   inflate.obj
 0001:00005f50       _inflateReset2             10006f50 f   inflate.obj
 0001:00005fe0       _inflateInit2_             10006fe0 f   inflate.obj
 0001:000060a0       _inflateInit_              100070a0 f   inflate.obj
 0001:000060c0       _inflatePrime              100070c0 f   inflate.obj
 0001:00006250       _inflate                   10007250 f   inflate.obj
 0001:00007950       _inflateEnd                10008950 f   inflate.obj
 0001:000079a0       _inflateGetDictionary      100089a0 f   inflate.obj
 0001:00007a10       _inflateSetDictionary      10008a10 f   inflate.obj
 0001:00007ab0       _inflateGetHeader          10008ab0 f   inflate.obj
 0001:00007b60       _inflateSync               10008b60 f   inflate.obj
 0001:00007c40       _inflateSyncPoint          10008c40 f   inflate.obj
 0001:00007c70       _inflateCopy               10008c70 f   inflate.obj
 0001:00007dd0       _inflateUndermine          10008dd0 f   inflate.obj
 0001:00007e00       _inflateMark               10008e00 f   inflate.obj
 0001:00007e60       _inflate_table             10008e60 f   inftrees.obj
 0001:00008280       __tr_init                  10009280 f   trees.obj
 0001:00009200       __tr_stored_block          1000a200 f   trees.obj
 0001:000092b0       __tr_flush_bits            1000a2b0 f   trees.obj
 0001:000092c0       __tr_align                 1000a2c0 f   trees.obj
 0001:000093b0       __tr_flush_block           1000a3b0 f   trees.obj
 0001:00009bb0       _uncompress                1000abb0 f   uncompr.obj
 0001:00009c70       _zlibVersion               1000ac70 f   zutil.obj
 0001:00009c80       _zlibCompileFlags          1000ac80 f   zutil.obj
 0001:00009c90       _zError                    1000ac90 f   zutil.obj
 0001:00009cb0       _zcalloc                   1000acb0 f   zutil.obj
 0001:00009cd0       _zcfree                    1000acd0 f   zutil.obj
 0001:00009fe9       __CRT_INIT@12              1000afe9 f   MSVCRT:dll_dllmain.obj
 0001:00009ff2       __DllMainCRTStartup@12     1000aff2 f   MSVCRT:dll_dllmain.obj
 0001:0000a015       ??$__crt_fast_decode_pointer@PAP6AXXZ@@YAPAP6AXXZQAP6AXXZ@Z 1000b015 f i MSVCRT:utility.obj
 0001:0000a029       ??$__crt_fast_encode_pointer@PAP6AXXZ@@YAPAP6AXXZQAP6AXXZ@Z 1000b029 f i MSVCRT:utility.obj
 0001:0000a046       ?__crt_rotate_pointer_value@@YAIIH@Z 1000b046 f i MSVCRT:utility.obj
 0001:0000a053       ?configure_argv@__scrt_narrow_argv_policy@@SAHXZ 1000b053 f i MSVCRT:utility.obj
 0001:0000a0d7       _NtCurrentTeb              1000b0d7 f i MSVCRT:utility.obj
 0001:0000a0de       ___scrt_acquire_startup_lock 1000b0de f   MSVCRT:utility.obj
 0001:0000a113       ___scrt_dllmain_after_initialize_c 1000b113 f   MSVCRT:utility.obj
 0001:0000a13e       ___scrt_dllmain_before_initialize_c 1000b13e f   MSVCRT:utility.obj
 0001:0000a14c       ___scrt_dllmain_crt_thread_attach 1000b14c f   MSVCRT:utility.obj
 0001:0000a16b       ___scrt_dllmain_crt_thread_detach 1000b16b f   MSVCRT:utility.obj
 0001:0000a178       ___scrt_dllmain_exception_filter 1000b178 f   MSVCRT:utility.obj
 0001:0000a1ab       ___scrt_dllmain_uninitialize_c 1000b1ab f   MSVCRT:utility.obj
 0001:0000a1ce       ___scrt_dllmain_uninitialize_critical 1000b1ce f   MSVCRT:utility.obj
 0001:0000a1db       ___scrt_initialize_crt     1000b1db f   MSVCRT:utility.obj
 0001:0000a214       ___scrt_initialize_onexit_tables 1000b214 f   MSVCRT:utility.obj
 0001:0000a2ab       ___scrt_is_nonwritable_in_current_image 1000b2ab f   MSVCRT:utility.obj
 0001:0000a335       ___scrt_release_startup_lock 1000b335 f   MSVCRT:utility.obj
 0001:0000a352       ___scrt_uninitialize_crt   1000b352 f   MSVCRT:utility.obj
 0001:0000a37a       __onexit                   1000b37a f   MSVCRT:utility.obj
 0001:0000a3b5       _at_quick_exit             1000b3b5 f   MSVCRT:utility.obj
 0001:0000a3e6       _atexit                    1000b3e6 f   MSVCRT:utility.obj
 0001:0000a3fb       ___security_init_cookie    1000b3fb f   MSVCRT:gs_support.obj
 0001:0000a497       _DllMain@12                1000b497 f   MSVCRT:dll_dllmain_stub.obj
 0001:0000a4b9       ?__scrt_initialize_type_info@@YAXXZ 1000b4b9 f   MSVCRT:tncleanup.obj
 0001:0000a4c5       ?__scrt_uninitialize_type_info@@YAXXZ 1000b4c5 f   MSVCRT:tncleanup.obj
 0001:0000a4d1       ___local_stdio_scanf_options 1000b4d1 f i MSVCRT:default_local_stdio_options.obj
 0001:0000a4d7       ___scrt_initialize_default_local_stdio_options 1000b4d7 f   MSVCRT:default_local_stdio_options.obj
 0001:0000a4f4       ___scrt_get_dyn_tls_init_callback 1000b4f4 f   MSVCRT:dyn_tls_init.obj
 0001:0000a4fa       ___scrt_fastfail           1000b4fa f   MSVCRT:utility_desktop.obj
 0001:0000a615       ___scrt_get_show_window_mode 1000b615 f   MSVCRT:utility_desktop.obj
 0001:0000a648       ___scrt_initialize_winrt   1000b648 f   MSVCRT:utility_desktop.obj
 0001:0000a64b       ___scrt_is_managed_app     1000b64b f   MSVCRT:utility_desktop.obj
 0001:0000a68f       ___scrt_set_unhandled_exception_filter 1000b68f f   MSVCRT:utility_desktop.obj
 0001:0000a69b       ___scrt_unhandled_exception_filter@4 1000b69b f   MSVCRT:utility_desktop.obj
 0001:0000a6dc       __crt_debugger_hook        1000b6dc f   MSVCRT:utility_desktop.obj
 0001:0000a6e4       __RTC_Initialize           1000b6e4 f   MSVCRT:_initsect_.obj
 0001:0000a70f       __RTC_Terminate            1000b70f f   MSVCRT:_initsect_.obj
 0001:0000a73a       @_guard_check_icall@4      1000b73a f i MSVCRT:checkcfg.obj
 0001:0000a740       __SEH_prolog4              1000b740 f   MSVCRT:_sehprolg4_.obj
 0001:0000a786       __SEH_epilog4              1000b786 f   MSVCRT:_sehprolg4_.obj
 0001:0000a79b       __except_handler4          1000b79b f   MSVCRT:_chandler4gs_.obj
 0001:0000a7be       ___isa_available_init      1000b7be f   MSVCRT:_cpu_disp_.obj
 0001:0000a958       __get_startup_argv_mode    1000b958 f   MSVCRT:argv_mode.obj
 0001:0000a95c       ___scrt_is_ucrt_dll_in_use 1000b95c f   MSVCRT:ucrt_detection.obj
 0001:0000a968       @_guard_check_icall_nop@4  1000b968 f i MSVCRT:guard_support.obj
 0001:0000a969       __guard_icall_checks_enforced 1000b969 f i MSVCRT:guard_support.obj
 0001:0000a97b       @__security_check_cookie@4 1000b97b f   MSVCRT:_secchk_.obj
 0001:0000a98c       ___raise_securityfailure   1000b98c f   MSVCRT:gs_report.obj
 0001:0000a9b4       ___report_gsfailure        1000b9b4 f   MSVCRT:gs_report.obj
 0001:0000aaaf       ___report_rangecheckfailure 1000baaf f   MSVCRT:gs_report.obj
 0001:0000aabb       ___report_securityfailure  1000babb f   MSVCRT:gs_report.obj
 0001:0000ab8b       ___report_securityfailureEx 1000bb8b f   MSVCRT:gs_report.obj
 0001:0000aca2       _memchr                    1000bca2 f   vcruntime:VCRUNTIME140.dll
 0001:0000aca8       ___std_type_info_destroy_list 1000bca8 f   vcruntime:VCRUNTIME140.dll
 0001:0000acae       _memset                    1000bcae f   vcruntime:VCRUNTIME140.dll
 0001:0000acb4       __except_handler4_common   1000bcb4 f   vcruntime:VCRUNTIME140.dll
 0001:0000acba       __lseeki64                 1000bcba f   ucrt:api-ms-win-crt-stdio-l1-1-0.dll
 0001:0000acc0       __wopen                    1000bcc0 f   ucrt:api-ms-win-crt-stdio-l1-1-0.dll
 0001:0000acc6       _wcstombs                  1000bcc6 f   ucrt:api-ms-win-crt-convert-l1-1-0.dll
 0001:0000accc       ___stdio_common_vsprintf   1000bccc f   ucrt:api-ms-win-crt-stdio-l1-1-0.dll
 0001:0000acd2       _free                      1000bcd2 f   ucrt:api-ms-win-crt-heap-l1-1-0.dll
 0001:0000acd8       _malloc                    1000bcd8 f   ucrt:api-ms-win-crt-heap-l1-1-0.dll
 0001:0000acde       __errno                    1000bcde f   ucrt:api-ms-win-crt-runtime-l1-1-0.dll
 0001:0000ace4       _strerror                  1000bce4 f   ucrt:api-ms-win-crt-runtime-l1-1-0.dll
 0001:0000acea       __initterm                 1000bcea f   ucrt:api-ms-win-crt-runtime-l1-1-0.dll
 0001:0000acf0       __initterm_e               1000bcf0 f   ucrt:api-ms-win-crt-runtime-l1-1-0.dll
 0001:0000acf6       __seh_filter_dll           1000bcf6 f   ucrt:api-ms-win-crt-runtime-l1-1-0.dll
 0001:0000acfc       __configure_narrow_argv    1000bcfc f   ucrt:api-ms-win-crt-runtime-l1-1-0.dll
 0001:0000ad02       __initialize_narrow_environment 1000bd02 f   ucrt:api-ms-win-crt-runtime-l1-1-0.dll
 0001:0000ad08       __initialize_onexit_table  1000bd08 f   ucrt:api-ms-win-crt-runtime-l1-1-0.dll
 0001:0000ad0e       __register_onexit_function 1000bd0e f   ucrt:api-ms-win-crt-runtime-l1-1-0.dll
 0001:0000ad14       __execute_onexit_table     1000bd14 f   ucrt:api-ms-win-crt-runtime-l1-1-0.dll
 0001:0000ad1a       __crt_atexit               1000bd1a f   ucrt:api-ms-win-crt-runtime-l1-1-0.dll
 0001:0000ad20       __crt_at_quick_exit        1000bd20 f   ucrt:api-ms-win-crt-runtime-l1-1-0.dll
 0001:0000ad26       __cexit                    1000bd26 f   ucrt:api-ms-win-crt-runtime-l1-1-0.dll
 0001:0000ad2c       _terminate                 1000bd2c f   ucrt:api-ms-win-crt-runtime-l1-1-0.dll
 0001:0000ad32       __open                     1000bd32 f   ucrt:api-ms-win-crt-stdio-l1-1-0.dll
 0001:0000ad38       __read                     1000bd38 f   ucrt:api-ms-win-crt-stdio-l1-1-0.dll
 0001:0000ad3e       __close                    1000bd3e f   ucrt:api-ms-win-crt-stdio-l1-1-0.dll
 0001:0000ad44       __write                    1000bd44 f   ucrt:api-ms-win-crt-stdio-l1-1-0.dll
 0001:0000ad4a       _QueryPerformanceCounter@4 1000bd4a f   kernel32:KERNEL32.dll
 0001:0000ad50       _GetCurrentProcessId@0     1000bd50 f   kernel32:KERNEL32.dll
 0001:0000ad56       _GetCurrentThreadId@0      1000bd56 f   kernel32:KERNEL32.dll
 0001:0000ad5c       _GetSystemTimeAsFileTime@4 1000bd5c f   kernel32:KERNEL32.dll
 0001:0000ad62       _DisableThreadLibraryCalls@4 1000bd62 f   kernel32:KERNEL32.dll
 0001:0000ad68       _InitializeSListHead@4     1000bd68 f   kernel32:KERNEL32.dll
 0001:0000ad6e       _IsDebuggerPresent@0       1000bd6e f   kernel32:KERNEL32.dll
 0001:0000ad74       _UnhandledExceptionFilter@4 1000bd74 f   kernel32:KERNEL32.dll
 0001:0000ad7a       _SetUnhandledExceptionFilter@4 1000bd7a f   kernel32:KERNEL32.dll
 0001:0000ad80       _GetStartupInfoW@4         1000bd80 f   kernel32:KERNEL32.dll
 0001:0000ad86       _IsProcessorFeaturePresent@4 1000bd86 f   kernel32:KERNEL32.dll
 0001:0000ad8c       _GetModuleHandleW@4        1000bd8c f   kernel32:KERNEL32.dll
 0001:0000ad92       _GetCurrentProcess@0       1000bd92 f   kernel32:KERNEL32.dll
 0001:0000ad98       _TerminateProcess@8        1000bd98 f   kernel32:KERNEL32.dll
 0001:0000ad9e       ___acrt_initialize         1000bd9e f   MSVCRT:ucrt_stubs.obj
 0001:0000ad9e       ___vcrt_initialize         1000bd9e f   MSVCRT:ucrt_stubs.obj
 0001:0000ad9e       ___scrt_stub_for_acrt_initialize 1000bd9e f   MSVCRT:ucrt_stubs.obj
 0001:0000ada1       ___vcrt_thread_attach      1000bda1 f   MSVCRT:ucrt_stubs.obj
 0001:0000ada1       ___acrt_thread_attach      1000bda1 f   MSVCRT:ucrt_stubs.obj
 0001:0000ada1       ___scrt_stub_for_acrt_thread_attach 1000bda1 f   MSVCRT:ucrt_stubs.obj
 0001:0000ada4       ___scrt_stub_for_acrt_thread_detach 1000bda4 f   MSVCRT:ucrt_stubs.obj
 0001:0000ada4       ___acrt_thread_detach      1000bda4 f   MSVCRT:ucrt_stubs.obj
 0001:0000ada4       ___vcrt_thread_detach      1000bda4 f   MSVCRT:ucrt_stubs.obj
 0001:0000ada7       ___scrt_stub_for_acrt_uninitialize 1000bda7 f   MSVCRT:ucrt_stubs.obj
 0001:0000ada7       ___acrt_uninitialize       1000bda7 f   MSVCRT:ucrt_stubs.obj
 0001:0000ada7       ___vcrt_uninitialize       1000bda7 f   MSVCRT:ucrt_stubs.obj
 0001:0000adaa       ___scrt_stub_for_acrt_uninitialize_critical 1000bdaa f   MSVCRT:ucrt_stubs.obj
 0001:0000adaa       ___vcrt_uninitialize_critical 1000bdaa f   MSVCRT:ucrt_stubs.obj
 0001:0000adaa       ___acrt_uninitialize_critical 1000bdaa f   MSVCRT:ucrt_stubs.obj
 0001:0000adad       __is_c_termination_complete 1000bdad f   MSVCRT:ucrt_stubs.obj
 0001:0000adad       ___scrt_stub_for_is_c_termination_complete 1000bdad f   MSVCRT:ucrt_stubs.obj
 0001:0000adb0       __alldiv                   1000bdb0 f   MSVCRT:lldiv.obj
 0001:0000ae5a       _memcpy                    1000be5a f   vcruntime:VCRUNTIME140.dll
 0002:00000000       __imp__GetStartupInfoW@4   1000c000     kernel32:KERNEL32.dll
 0002:00000004       __imp__GetCurrentProcessId@0 1000c004     kernel32:KERNEL32.dll
 0002:00000008       __imp__GetCurrentThreadId@0 1000c008     kernel32:KERNEL32.dll
 0002:0000000c       __imp__GetSystemTimeAsFileTime@4 1000c00c     kernel32:KERNEL32.dll
 0002:00000010       __imp__DisableThreadLibraryCalls@4 1000c010     kernel32:KERNEL32.dll
 0002:00000014       __imp__TerminateProcess@8  1000c014     kernel32:KERNEL32.dll
 0002:00000018       __imp__GetCurrentProcess@0 1000c018     kernel32:KERNEL32.dll
 0002:0000001c       __imp__GetModuleHandleW@4  1000c01c     kernel32:KERNEL32.dll
 0002:00000020       __imp__IsProcessorFeaturePresent@4 1000c020     kernel32:KERNEL32.dll
 0002:00000024       __imp__QueryPerformanceCounter@4 1000c024     kernel32:KERNEL32.dll
 0002:00000028       __imp__SetUnhandledExceptionFilter@4 1000c028     kernel32:KERNEL32.dll
 0002:0000002c       __imp__UnhandledExceptionFilter@4 1000c02c     kernel32:KERNEL32.dll
 0002:00000030       __imp__IsDebuggerPresent@0 1000c030     kernel32:KERNEL32.dll
 0002:00000034       __imp__InitializeSListHead@4 1000c034     kernel32:KERNEL32.dll
 0002:00000038       \177KERNEL32_NULL_THUNK_DATA 1000c038     kernel32:KERNEL32.dll
 0002:0000003c       __imp___except_handler4_common 1000c03c     vcruntime:VCRUNTIME140.dll
 0002:00000040       __imp__memset              1000c040     vcruntime:VCRUNTIME140.dll
 0002:00000044       __imp____std_type_info_destroy_list 1000c044     vcruntime:VCRUNTIME140.dll
 0002:00000048       __imp__memchr              1000c048     vcruntime:VCRUNTIME140.dll
 0002:0000004c       __imp__memcpy              1000c04c     vcruntime:VCRUNTIME140.dll
 0002:00000050       \177VCRUNTIME140_NULL_THUNK_DATA 1000c050     vcruntime:VCRUNTIME140.dll
 0002:00000054       __imp__wcstombs            1000c054     ucrt:api-ms-win-crt-convert-l1-1-0.dll
 0002:00000058       \177api-ms-win-crt-convert-l1-1-0_NULL_THUNK_DATA 1000c058     ucrt:api-ms-win-crt-convert-l1-1-0.dll
 0002:0000005c       __imp__malloc              1000c05c     ucrt:api-ms-win-crt-heap-l1-1-0.dll
 0002:00000060       __imp__free                1000c060     ucrt:api-ms-win-crt-heap-l1-1-0.dll
 0002:00000064       \177api-ms-win-crt-heap-l1-1-0_NULL_THUNK_DATA 1000c064     ucrt:api-ms-win-crt-heap-l1-1-0.dll
 0002:00000068       __imp___cexit              1000c068     ucrt:api-ms-win-crt-runtime-l1-1-0.dll
 0002:0000006c       __imp___errno              1000c06c     ucrt:api-ms-win-crt-runtime-l1-1-0.dll
 0002:00000070       __imp__strerror            1000c070     ucrt:api-ms-win-crt-runtime-l1-1-0.dll
 0002:00000074       __imp___crt_at_quick_exit  1000c074     ucrt:api-ms-win-crt-runtime-l1-1-0.dll
 0002:00000078       __imp___crt_atexit         1000c078     ucrt:api-ms-win-crt-runtime-l1-1-0.dll
 0002:0000007c       __imp___execute_onexit_table 1000c07c     ucrt:api-ms-win-crt-runtime-l1-1-0.dll
 0002:00000080       __imp___register_onexit_function 1000c080     ucrt:api-ms-win-crt-runtime-l1-1-0.dll
 0002:00000084       __imp___initialize_onexit_table 1000c084     ucrt:api-ms-win-crt-runtime-l1-1-0.dll
 0002:00000088       __imp___initialize_narrow_environment 1000c088     ucrt:api-ms-win-crt-runtime-l1-1-0.dll
 0002:0000008c       __imp___configure_narrow_argv 1000c08c     ucrt:api-ms-win-crt-runtime-l1-1-0.dll
 0002:00000090       __imp___seh_filter_dll     1000c090     ucrt:api-ms-win-crt-runtime-l1-1-0.dll
 0002:00000094       __imp___initterm_e         1000c094     ucrt:api-ms-win-crt-runtime-l1-1-0.dll
 0002:00000098       __imp___initterm           1000c098     ucrt:api-ms-win-crt-runtime-l1-1-0.dll
 0002:0000009c       __imp__terminate           1000c09c     ucrt:api-ms-win-crt-runtime-l1-1-0.dll
 0002:000000a0       \177api-ms-win-crt-runtime-l1-1-0_NULL_THUNK_DATA 1000c0a0     ucrt:api-ms-win-crt-runtime-l1-1-0.dll
 0002:000000a4       __imp__write               1000c0a4     ucrt:api-ms-win-crt-stdio-l1-1-0.dll
 0002:000000a4       __imp___write              1000c0a4     ucrt:api-ms-win-crt-stdio-l1-1-0.dll
 0002:000000a8       __imp___close              1000c0a8     ucrt:api-ms-win-crt-stdio-l1-1-0.dll
 0002:000000a8       __imp__close               1000c0a8     ucrt:api-ms-win-crt-stdio-l1-1-0.dll
 0002:000000ac       __imp__read                1000c0ac     ucrt:api-ms-win-crt-stdio-l1-1-0.dll
 0002:000000ac       __imp___read               1000c0ac     ucrt:api-ms-win-crt-stdio-l1-1-0.dll
 0002:000000b0       __imp____stdio_common_vsprintf 1000c0b0     ucrt:api-ms-win-crt-stdio-l1-1-0.dll
 0002:000000b4       __imp___open               1000c0b4     ucrt:api-ms-win-crt-stdio-l1-1-0.dll
 0002:000000b4       __imp__open                1000c0b4     ucrt:api-ms-win-crt-stdio-l1-1-0.dll
 0002:000000b8       __imp___wopen              1000c0b8     ucrt:api-ms-win-crt-stdio-l1-1-0.dll
 0002:000000bc       __imp___lseeki64           1000c0bc     ucrt:api-ms-win-crt-stdio-l1-1-0.dll
 0002:000000c0       \177api-ms-win-crt-stdio-l1-1-0_NULL_THUNK_DATA 1000c0c0     ucrt:api-ms-win-crt-stdio-l1-1-0.dll
 0002:000000c4       ___guard_check_icall_fptr  1000c0c4     MSVCRT:guard_support.obj
 0002:000000c8       ___xc_a                    1000c0c8     MSVCRT:initializers.obj
 0002:000000cc       ___xc_z                    1000c0cc     MSVCRT:initializers.obj
 0002:000000d0       ___xi_a                    1000c0d0     MSVCRT:initializers.obj
 0002:000000d4       ___xi_z                    1000c0d4     MSVCRT:initializers.obj
 0002:000000d8       ___xp_a                    1000c0d8     MSVCRT:initializers.obj
 0002:000000dc       ___xp_z                    1000c0dc     MSVCRT:initializers.obj
 0002:000000e0       ___xt_a                    1000c0e0     MSVCRT:initializers.obj
 0002:000000e4       ___xt_z                    1000c0e4     MSVCRT:initializers.obj
 0002:000000f0       __pRawDllMain              1000c0f0     MSVCRT:dll_dllmain.obj
 0002:000000f0       __pDefaultRawDllMain       1000c0f0     MSVCRT:dll_dllmain.obj
 0002:000000fc       ??_C@_05IAIEPMAK@1?42?48?$AA@ 1000c0fc     compress.obj
 0002:000033d8       __length_code              1000f3d8     trees.obj
 0002:000034d8       __dist_code                1000f4d8     trees.obj
 0002:00003e14       _z_errmsg                  1000fe14     zutil.obj
 0002:00003e3c       ??_C@_02DKCKIIND@?$CFs?$AA@ 1000fe3c     gzlib.obj
 0002:00003e40       ??_C@_07EBNKNFJN@?$DMfd?3?$CFd?$DO?$AA@ 1000fe40     gzlib.obj
 0002:00003e48       ??_C@_0O@BNNCBLEN@out?5of?5memory?$AA@ 1000fe48     gzlib.obj
 0002:00003e56       ??_C@_00CNPNBAHC@?$AA@     1000fe56     gzlib.obj
 0002:00003e58       ??_C@_02LMMGGCAJ@?3?5?$AA@ 1000fe58     gzlib.obj
 0002:00003e5c       ??_C@_06DIJPEION@?$CFs?$CFs?$CFs?$AA@ 1000fe5c     gzlib.obj
 0002:00003e64       ??_C@_0BH@CFIIDOJD@unexpected?5end?5of?5file?$AA@ 1000fe64     gzread.obj
 0002:00003e7c       ??_C@_0CH@CPOLIEKA@internal?5error?3?5inflate?5stream?5c@ 1000fe7c     gzread.obj
 0002:00003ea4       ??_C@_0BG@HCKBMIHF@compressed?5data?5error?$AA@ 1000fea4     gzread.obj
 0002:00003ebc       ??_C@_0CF@MLPJFDMM@requested?5length?5does?5not?5fit?5in@ 1000febc     gzread.obj
 0002:00003ee4       ??_C@_0BP@IIKIGMCC@out?5of?5room?5to?5push?5characters?$AA@ 1000fee4     gzread.obj
 0002:00003f04       ??_C@_0CH@DEEGAHIB@internal?5error?3?5deflate?5stream?5c@ 1000ff04     gzwrite.obj
 0002:00003f2c       ??_C@_0BD@PJCBIDD@invalid?5block?5type?$AA@ 1000ff2c     infback.obj
 0002:00003f40       ??_C@_0BN@LGAADGOK@invalid?5stored?5block?5lengths?$AA@ 1000ff40     infback.obj
 0002:00003f60       ??_C@_0CE@GMIGFPBB@too?5many?5length?5or?5distance?5symb@ 1000ff60     infback.obj
 0002:00003f84       ??_C@_0BJ@HDEPPGOH@invalid?5code?5lengths?5set?$AA@ 1000ff84     infback.obj
 0002:00003fa0       ??_C@_0BK@BMMPFBBH@invalid?5bit?5length?5repeat?$AA@ 1000ffa0     infback.obj
 0002:00003fbc       ??_C@_0CF@DGDMADCD@invalid?5code?5?9?9?5missing?5end?9of?9b@ 1000ffbc     infback.obj
 0002:00003fe4       ??_C@_0BM@IIMGAINC@invalid?5literal?1lengths?5set?$AA@ 1000ffe4     infback.obj
 0002:00004000       ??_C@_0BG@GMDFCBGP@invalid?5distances?5set?$AA@ 10010000     infback.obj
 0002:00004018       ??_C@_0BM@FFFLPBBC@invalid?5literal?1length?5code?$AA@ 10010018     infback.obj
 0002:00004034       ??_C@_0BG@LBKINIKP@invalid?5distance?5code?$AA@ 10010034     infback.obj
 0002:0000404c       ??_C@_0BO@ECPMAOGG@invalid?5distance?5too?5far?5back?$AA@ 1001004c     infback.obj
 0002:0000406c       ??_C@_0BH@LIBMMIGA@incorrect?5header?5check?$AA@ 1001006c     inflate.obj
 0002:00004084       ??_C@_0BL@IHKGDAEE@unknown?5compression?5method?$AA@ 10010084     inflate.obj
 0002:000040a0       ??_C@_0BE@EMOGCLGO@invalid?5window?5size?$AA@ 100100a0     inflate.obj
 0002:000040b4       ??_C@_0BJ@BLBBCOMO@unknown?5header?5flags?5set?$AA@ 100100b4     inflate.obj
 0002:000040d0       ??_C@_0BE@GONKLEPM@header?5crc?5mismatch?$AA@ 100100d0     inflate.obj
 0002:000040e4       ??_C@_0BF@MEIGEHBE@incorrect?5data?5check?$AA@ 100100e4     inflate.obj
 0002:000040fc       ??_C@_0BH@FGKKJGOC@incorrect?5length?5check?$AA@ 100100fc     inflate.obj
 0002:00004114       ??_C@_0BA@MOKMMFOD@need?5dictionary?$AA@ 10010114     zutil.obj
 0002:00004124       ??_C@_0L@FNAOCBOG@stream?5end?$AA@ 10010124     zutil.obj
 0002:00004130       ??_C@_0L@KIJFAKBJ@file?5error?$AA@ 10010130     zutil.obj
 0002:0000413c       ??_C@_0N@MKKNPMJD@stream?5error?$AA@ 1001013c     zutil.obj
 0002:0000414c       ??_C@_0L@HAHMBNLP@data?5error?$AA@ 1001014c     zutil.obj
 0002:00004158       ??_C@_0BE@OGGJBMCE@insufficient?5memory?$AA@ 10010158     zutil.obj
 0002:0000416c       ??_C@_0N@DFPGLBGC@buffer?5error?$AA@ 1001016c     zutil.obj
 0002:0000417c       ??_C@_0BF@CJFPCCEG@incompatible?5version?$AA@ 1001017c     zutil.obj
 0002:00004210       __load_config_used         10010210     MSVCRT:loadcfg.obj
 0002:00004270       ___safe_se_handler_table   10010270     <linker-defined>
 0002:00004538       ___rtc_iaa                 10010538     MSVCRT:_initsect_.obj
 0002:0000453c       ___rtc_izz                 1001053c     MSVCRT:_initsect_.obj
 0002:00004540       ___rtc_taa                 10010540     MSVCRT:_initsect_.obj
 0002:00004544       ___rtc_tzz                 10010544     MSVCRT:_initsect_.obj
 0002:00004c98       __IMPORT_DESCRIPTOR_VCRUNTIME140 10010c98     vcruntime:VCRUNTIME140.dll
 0002:00004cac       __IMPORT_DESCRIPTOR_api-ms-win-crt-stdio-l1-1-0 10010cac     ucrt:api-ms-win-crt-stdio-l1-1-0.dll
 0002:00004cc0       __IMPORT_DESCRIPTOR_api-ms-win-crt-convert-l1-1-0 10010cc0     ucrt:api-ms-win-crt-convert-l1-1-0.dll
 0002:00004cd4       __IMPORT_DESCRIPTOR_api-ms-win-crt-heap-l1-1-0 10010cd4     ucrt:api-ms-win-crt-heap-l1-1-0.dll
 0002:00004ce8       __IMPORT_DESCRIPTOR_api-ms-win-crt-runtime-l1-1-0 10010ce8     ucrt:api-ms-win-crt-runtime-l1-1-0.dll
 0002:00004cfc       __IMPORT_DESCRIPTOR_KERNEL32 10010cfc     kernel32:KERNEL32.dll
 0002:00004d10       __NULL_IMPORT_DESCRIPTOR   10010d10     vcruntime:VCRUNTIME140.dll
 0003:00000000       ___scrt_native_dllmain_reason 10012000     MSVCRT:utility.obj
 0003:00000010       ___isa_enabled             10012010     MSVCRT:_cpu_disp_.obj
 0003:00000014       ___security_cookie_complement 10012014     MSVCRT:gs_cookie.obj
 0003:00000018       ___security_cookie         10012018     MSVCRT:gs_cookie.obj
 0003:0000001c       ___scrt_ucrt_dll_is_in_use 1001201c     MSVCRT:ucrt_stubs.obj
 0003:00000064       ___scrt_current_native_startup_state 10012064     MSVCRT:utility.obj
 0003:00000068       ___scrt_native_startup_lock 10012068     MSVCRT:utility.obj
 0003:00000088       ?__type_info_root_node@@3U__type_info_node@@A 10012088     MSVCRT:tncleanup.obj
 0003:00000090       ?_OptionsStorage@?1??__local_stdio_printf_options@@9@4_KA 10012090     MSVCRT:default_local_stdio_options.obj
 0003:00000098       ?_OptionsStorage@?1??__local_stdio_scanf_options@@9@4_KA 10012098     MSVCRT:default_local_stdio_options.obj
 0003:000000a0       ___scrt_debugger_hook_flag 100120a0     MSVCRT:utility_desktop.obj
 0003:000000a4       ___isa_available           100120a4     MSVCRT:_cpu_disp_.obj
 0003:000000a8       ___favor                   100120a8     MSVCRT:_cpu_disp_.obj
 0003:000003cc       ___dyn_tls_init_callback   100123cc     <common>
 0003:000003d0       ?_OptionsStorage@?1??__local_stdio_printf_options@@9@9 100123d0     <common>
 0003:000003d8       ?_OptionsStorage@?1??__local_stdio_scanf_options@@9@9 100123d8     <common>

 entry point at        0001:00009ff2

 Static symbols

 0000:fffea000       .debug$S                   10000000     kernel32:KERNEL32.dll
 0000:fffea000       .debug$S                   10000000     kernel32:KERNEL32.dll
 0000:fffea000       .debug$S                   10000000     kernel32:KERNEL32.dll
 0000:fffea000       .debug$S                   10000000     kernel32:KERNEL32.dll
 0000:fffea000       .debug$S                   10000000     kernel32:KERNEL32.dll
 0000:fffea000       .debug$S                   10000000     kernel32:KERNEL32.dll
 0000:fffea000       .debug$S                   10000000     kernel32:KERNEL32.dll
 0000:fffea000       .debug$S                   10000000     kernel32:KERNEL32.dll
 0000:fffea000       .debug$S                   10000000     kernel32:KERNEL32.dll
 0000:fffea000       .debug$S                   10000000     kernel32:KERNEL32.dll
 0000:fffea000       .debug$S                   10000000     kernel32:KERNEL32.dll
 0000:fffea000       .debug$S                   10000000     kernel32:KERNEL32.dll
 0000:fffea000       .debug$S                   10000000     kernel32:KERNEL32.dll
 0000:fffea000       .debug$S                   10000000     kernel32:KERNEL32.dll
 0000:fffea000       .debug$S                   10000000     ucrt:api-ms-win-crt-runtime-l1-1-0.dll
 0000:fffea000       .debug$S                   10000000     ucrt:api-ms-win-crt-runtime-l1-1-0.dll
 0000:fffea000       .debug$S                   10000000     ucrt:api-ms-win-crt-runtime-l1-1-0.dll
 0000:fffea000       .debug$S                   10000000     ucrt:api-ms-win-crt-runtime-l1-1-0.dll
 0000:fffea000       .debug$S                   10000000     ucrt:api-ms-win-crt-convert-l1-1-0.dll
 0000:fffea000       .debug$S                   10000000     ucrt:api-ms-win-crt-heap-l1-1-0.dll
 0000:fffea000       .debug$S                   10000000     ucrt:api-ms-win-crt-runtime-l1-1-0.dll
 0000:fffea000       .debug$S                   10000000     ucrt:api-ms-win-crt-runtime-l1-1-0.dll
 0000:fffea000       .debug$S                   10000000     ucrt:api-ms-win-crt-heap-l1-1-0.dll
 0000:fffea000       .debug$S                   10000000     ucrt:api-ms-win-crt-runtime-l1-1-0.dll
 0000:fffea000       .debug$S                   10000000     ucrt:api-ms-win-crt-runtime-l1-1-0.dll
 0000:fffea000       .debug$S                   10000000     ucrt:api-ms-win-crt-runtime-l1-1-0.dll
 0000:fffea000       .debug$S                   10000000     ucrt:api-ms-win-crt-runtime-l1-1-0.dll
 0000:fffea000       .debug$S                   10000000     ucrt:api-ms-win-crt-runtime-l1-1-0.dll
 0000:fffea000       .debug$S                   10000000     ucrt:api-ms-win-crt-runtime-l1-1-0.dll
 0000:fffea000       .debug$S                   10000000     ucrt:api-ms-win-crt-stdio-l1-1-0.dll
 0000:fffea000       .debug$S                   10000000     ucrt:api-ms-win-crt-stdio-l1-1-0.dll
 0000:fffea000       .debug$S                   10000000     ucrt:api-ms-win-crt-stdio-l1-1-0.dll
 0000:fffea000       .debug$S                   10000000     ucrt:api-ms-win-crt-stdio-l1-1-0.dll
 0000:fffea000       .debug$S                   10000000     ucrt:api-ms-win-crt-stdio-l1-1-0.dll
 0000:fffea000       .debug$S                   10000000     ucrt:api-ms-win-crt-stdio-l1-1-0.dll
 0000:fffea000       .debug$S                   10000000     ucrt:api-ms-win-crt-stdio-l1-1-0.dll
 0000:fffea000       .debug$S                   10000000     vcruntime:VCRUNTIME140.dll
 0000:fffea000       .debug$S                   10000000     vcruntime:VCRUNTIME140.dll
 0000:fffea000       .debug$S                   10000000     vcruntime:VCRUNTIME140.dll
 0000:fffea000       .debug$S                   10000000     vcruntime:VCRUNTIME140.dll
 0000:fffea000       .debug$S                   10000000     vcruntime:VCRUNTIME140.dll
 0000:fffea000       .debug$S                   10000000     zlib1.exp
 0000:fffea000       .debug$S                   10000000     ucrt:api-ms-win-crt-runtime-l1-1-0.dll
 0000:fffea000       .debug$S                   10000000     ucrt:api-ms-win-crt-runtime-l1-1-0.dll
 0001:00000280       _adler32_combine_          10001280 f   adler32.obj
 0001:000004a0       _crc32_little              100014a0 f   crc32.obj
 0001:00000730       _crc32_big                 10001730 f   crc32.obj
 0001:00000a10       _gf2_matrix_times          10001a10 f   crc32.obj
 0001:00000a30       _gf2_matrix_square         10001a30 f   crc32.obj
 0001:00000a70       _crc32_combine_            10001a70 f   crc32.obj
 0001:000013a0       _putShortMSB               100023a0 f   deflate.obj
 0001:000013d0       _flush_pending             100023d0 f   deflate.obj
 0001:00001f00       _read_buf                  10002f00 f   deflate.obj
 0001:00001f80       _lm_init                   10002f80 f   deflate.obj
 0001:00002030       _longest_match             10003030 f   deflate.obj
 0001:000021c0       _fill_window               100031c0 f   deflate.obj
 0001:000023a0       _deflate_stored            100033a0 f   deflate.obj
 0001:00002520       _deflate_fast              10003520 f   deflate.obj
 0001:00002840       _deflate_slow              10003840 f   deflate.obj
 0001:00002c50       _deflate_rle               10003c50 f   deflate.obj
 0001:00002ef0       _deflate_huff              10003ef0 f   deflate.obj
 0001:00003130       _gz_reset                  10004130 f   gzlib.obj
 0001:00003190       _gz_open                   10004190 f   gzlib.obj
 0001:00003410       $LN57                      10004410     gzlib.obj
 0001:0000343c       $LN49                      1000443c     gzlib.obj
 0001:00003a90       _gz_load                   10004a90 f   gzread.obj
 0001:00003b10       _gz_avail                  10004b10 f   gzread.obj
 0001:00003b90       _gz_look                   10004b90 f   gzread.obj
 0001:00003d20       _gz_decomp                 10004d20 f   gzread.obj
 0001:00003e30       _gz_fetch                  10004e30 f   gzread.obj
 0001:00003eb0       _gz_skip                   10004eb0 f   gzread.obj
 0001:000043c0       _gz_init                   100053c0 f   gzwrite.obj
 0001:000044b0       _gz_comp                   100054b0 f   gzwrite.obj
 0001:000045f0       _gz_zero                   100055f0 f   gzwrite.obj
 0001:00004c40       _fixedtables               10005c40 f   infback.obj
 0001:000059c0       $LN502                     100069c0     infback.obj
 0001:000059dc       $LN473                     100069dc     infback.obj
 0001:000059f0       $LN503                     100069f0     infback.obj
 0001:00006130       _fixedtables               10007130 f   inflate.obj
 0001:00006150       _updatewindow              10007150 f   inflate.obj
 0001:000078b8       $LN937                     100088b8     inflate.obj
 0001:00007934       $LN938                     10008934     inflate.obj
 0001:00007ae0       _syncsearch                10008ae0 f   inflate.obj
 0001:00008270       _tr_static_init            10009270 f   trees.obj
 0001:000082e0       _init_block                100092e0 f   trees.obj
 0001:00008370       _pqdownheap                10009370 f   trees.obj
 0001:00008450       _gen_bitlen                10009450 f   trees.obj
 0001:00008660       _gen_codes                 10009660 f   trees.obj
 0001:000086d0       _build_tree                100096d0 f   trees.obj
 0001:000088e0       _scan_tree                 100098e0 f   trees.obj
 0001:000089d0       _send_tree                 100099d0 f   trees.obj
 0001:00008ee0       _build_bl_tree             10009ee0 f   trees.obj
 0001:00008fc0       _send_all_trees            10009fc0 f   trees.obj
 0001:000095c0       _compress_block            1000a5c0 f   trees.obj
 0001:000099c0       _detect_data_type          1000a9c0 f   trees.obj
 0001:00009a30       _bi_reverse                1000aa30 f   trees.obj
 0001:00009a50       _bi_flush                  1000aa50 f   trees.obj
 0001:00009ad0       _bi_windup                 1000aad0 f   trees.obj
 0001:00009b30       _copy_block                1000ab30 f   trees.obj
 0001:00009ce1       ?dllmain_crt_dispatch@@YGHQAUHINSTANCE__@@KQAX@Z 1000ace1 f   MSVCRT:dll_dllmain.obj
 0001:00009d34       ?dllmain_crt_process_attach@@YAHQAUHINSTANCE__@@QAX@Z 1000ad34 f   MSVCRT:dll_dllmain.obj
 0001:00009e46       ?dllmain_crt_process_detach@@YAH_N@Z 1000ae46 f   MSVCRT:dll_dllmain.obj
 0001:00009ec3       ?dllmain_dispatch@@YAHQAUHINSTANCE__@@KQAX@Z 1000aec3 f   MSVCRT:dll_dllmain.obj
 0001:00009fbf       ?dllmain_raw@@YGHQAUHINSTANCE__@@KQAX@Z 1000afbf f   MSVCRT:dll_dllmain.obj
 0001:0000a060       ?find_pe_section@@YAPAU_IMAGE_SECTION_HEADER@@QAEI@Z 1000b060 f   MSVCRT:utility.obj
 0001:0000a0a4       ?is_potentially_valid_image_base@@YA_NQAX@Z 1000b0a4 f   MSVCRT:utility.obj
 0001:0000a740       $$000000                   1000b740     MSVCRT:_sehprolg4_.obj
 0001:0000adb0       $$000000                   1000bdb0     MSVCRT:lldiv.obj
 0002:000000f4       _GS_ExceptionPointers      1000c0f4     MSVCRT:gs_report.obj
 0002:00000108       _crc_table                 1000c108     crc32.obj
 0002:00002108       ?my_version@?1??deflateInit2_@@9@9 1000e108     deflate.obj
 0002:00002110       _configuration_table       1000e110     deflate.obj
 0002:00002188       ?lenfix@?1??fixedtables@@9@9 1000e188     infback.obj
 0002:00002988       ?distfix@?1??fixedtables@@9@9 1000e988     infback.obj
 0002:00002a08       ?order@?1??inflateBack@@9@9 1000ea08     infback.obj
 0002:00002a30       ?lenfix@?1??fixedtables@@9@9 1000ea30     inflate.obj
 0002:00003230       ?distfix@?1??fixedtables@@9@9 1000f230     inflate.obj
 0002:000032b0       ?order@?1??inflate@@9@9    1000f2b0     inflate.obj
 0002:000032d8       ?dext@?1??inflate_table@@9@9 1000f2d8     inftrees.obj
 0002:00003318       ?lext@?1??inflate_table@@9@9 1000f318     inftrees.obj
 0002:00003358       ?lbase@?1??inflate_table@@9@9 1000f358     inftrees.obj
 0002:00003398       ?dbase@?1??inflate_table@@9@9 1000f398     inftrees.obj
 0002:000036d8       _static_dtree              1000f6d8     trees.obj
 0002:00003750       _extra_blbits              1000f750     trees.obj
 0002:000037a0       _extra_lbits               1000f7a0     trees.obj
 0002:00003818       _base_dist                 1000f818     trees.obj
 0002:00003890       _base_length               1000f890     trees.obj
 0002:00003908       _extra_dbits               1000f908     trees.obj
 0002:00003980       _static_ltree              1000f980     trees.obj
 0002:00003e00       _bl_order                  1000fe00     trees.obj
 0002:00004548       __sehtable$?dllmain_crt_process_attach@@YAHQAUHINSTANCE__@@QAX@Z 10010548     MSVCRT:dll_dllmain.obj
 0002:00004568       __sehtable$?dllmain_crt_process_detach@@YAH_N@Z 10010568     MSVCRT:dll_dllmain.obj
 0002:00004588       __sehtable$?dllmain_dispatch@@YAHQAUHINSTANCE__@@KQAX@Z 10010588     MSVCRT:dll_dllmain.obj
 0002:000045a8       __sehtable$___scrt_is_nonwritable_in_current_image 100105a8     MSVCRT:utility.obj
 0002:000045d0       .edata                     100105d0     zlib1.exp
 0002:000045f8       rgpv                       100105f8     zlib1.exp
 0002:00004730       rgszName                   10010730     zlib1.exp
 0002:00004868       rgwOrd                     10010868     zlib1.exp
 0002:00004904       szName                     10010904     zlib1.exp
 0002:0000490e       $N00001                    1001090e     zlib1.exp
 0002:00004916       $N00002                    10010916     zlib1.exp
 0002:00004926       $N00003                    10010926     zlib1.exp
 0002:00004938       $N00004                    10010938     zlib1.exp
 0002:00004941       $N00005                    10010941     zlib1.exp
 0002:0000494b       $N00006                    1001094b     zlib1.exp
 0002:00004959       $N00007                    10010959     zlib1.exp
 0002:0000495f       $N00008                    1001095f     zlib1.exp
 0002:0000496d       $N00009                    1001096d     zlib1.exp
 0002:0000497d       $N00010                    1001097d     zlib1.exp
 0002:00004985       $N00011                    10010985     zlib1.exp
 0002:00004992       $N00012                    10010992     zlib1.exp
 0002:0000499e       $N00013                    1001099e     zlib1.exp
 0002:000049a9       $N00014                    100109a9     zlib1.exp
 0002:000049b7       $N00015                    100109b7     zlib1.exp
 0002:000049c4       $N00016                    100109c4     zlib1.exp
 0002:000049d2       $N00017                    100109d2     zlib1.exp
 0002:000049e1       $N00018                    100109e1     zlib1.exp
 0002:000049ee       $N00019                    100109ee     zlib1.exp
 0002:000049fb       $N00020                    100109fb     zlib1.exp
 0002:00004a0c       $N00021                    10010a0c     zlib1.exp
 0002:00004a21       $N00022                    10010a21     zlib1.exp
 0002:00004a32       $N00023                    10010a32     zlib1.exp
 0002:00004a3e       $N00024                    10010a3e     zlib1.exp
 0002:00004a4c       $N00025                    10010a4c     zlib1.exp
 0002:00004a55       $N00026                    10010a55     zlib1.exp
 0002:00004a60       $N00027                    10010a60     zlib1.exp
 0002:00004a68       $N00028                    10010a68     zlib1.exp
 0002:00004a72       $N00029                    10010a72     zlib1.exp
 0002:00004a7c       $N00030                    10010a7c     zlib1.exp
 0002:00004a85       $N00031                    10010a85     zlib1.exp
 0002:00004a8d       $N00032                    10010a8d     zlib1.exp
 0002:00004a93       $N00033                    10010a93     zlib1.exp
 0002:00004a9b       $N00034                    10010a9b     zlib1.exp
 0002:00004aa3       $N00035                    10010aa3     zlib1.exp
 0002:00004aaa       $N00036                    10010aaa     zlib1.exp
 0002:00004ab2       $N00037                    10010ab2     zlib1.exp
 0002:00004ab9       $N00038                    10010ab9     zlib1.exp
 0002:00004ac2       $N00039                    10010ac2     zlib1.exp
 0002:00004acd       $N00040                    10010acd     zlib1.exp
 0002:00004ad4       $N00041                    10010ad4     zlib1.exp
 0002:00004add       $N00042                    10010add     zlib1.exp
 0002:00004ae6       $N00043                    10010ae6     zlib1.exp
 0002:00004aef       $N00044                    10010aef     zlib1.exp
 0002:00004af6       $N00045                    10010af6     zlib1.exp
 0002:00004afd       $N00046                    10010afd     zlib1.exp
 0002:00004b04       $N00047                    10010b04     zlib1.exp
 0002:00004b0d       $N00048                    10010b0d     zlib1.exp
 0002:00004b14       $N00049                    10010b14     zlib1.exp
 0002:00004b1d       $N00050                    10010b1d     zlib1.exp
 0002:00004b29       $N00051                    10010b29     zlib1.exp
 0002:00004b30       $N00052                    10010b30     zlib1.exp
 0002:00004b39       $N00053                    10010b39     zlib1.exp
 0002:00004b42       $N00054                    10010b42     zlib1.exp
 0002:00004b4c       $N00055                    10010b4c     zlib1.exp
 0002:00004b54       $N00056                    10010b54     zlib1.exp
 0002:00004b5c       $N00057                    10010b5c     zlib1.exp
 0002:00004b68       $N00058                    10010b68     zlib1.exp
 0002:00004b77       $N00059                    10010b77     zlib1.exp
 0002:00004b88       $N00060                    10010b88     zlib1.exp
 0002:00004b94       $N00061                    10010b94     zlib1.exp
 0002:00004b9f       $N00062                    10010b9f     zlib1.exp
 0002:00004bb4       $N00063                    10010bb4     zlib1.exp
 0002:00004bc5       $N00064                    10010bc5     zlib1.exp
 0002:00004bd3       $N00065                    10010bd3     zlib1.exp
 0002:00004be0       $N00066                    10010be0     zlib1.exp
 0002:00004bec       $N00067                    10010bec     zlib1.exp
 0002:00004bf9       $N00068                    10010bf9     zlib1.exp
 0002:00004c06       $N00069                    10010c06     zlib1.exp
 0002:00004c14       $N00070                    10010c14     zlib1.exp
 0002:00004c25       $N00071                    10010c25     zlib1.exp
 0002:00004c3a       $N00072                    10010c3a     zlib1.exp
 0002:00004c46       $N00073                    10010c46     zlib1.exp
 0002:00004c57       $N00074                    10010c57     zlib1.exp
 0002:00004c68       $N00075                    10010c68     zlib1.exp
 0002:00004c73       $N00076                    10010c73     zlib1.exp
 0002:00004c7a       $N00077                    10010c7a     zlib1.exp
 0002:00004c8b       $N00078                    10010c8b     zlib1.exp
 0002:00004e36       .idata$6                   10010e36     vcruntime:VCRUNTIME140.dll
 0002:00004fc2       .idata$6                   10010fc2     ucrt:api-ms-win-crt-stdio-l1-1-0.dll
 0002:00004fe2       .idata$6                   10010fe2     ucrt:api-ms-win-crt-convert-l1-1-0.dll
 0002:00005004       .idata$6                   10011004     ucrt:api-ms-win-crt-heap-l1-1-0.dll
 0002:00005024       .idata$6                   10011024     ucrt:api-ms-win-crt-runtime-l1-1-0.dll
 0002:00005190       .idata$6                   10011190     kernel32:KERNEL32.dll
 0003:00000020       _static_l_desc             10012020     trees.obj
 0003:00000034       _static_bl_desc            10012034     trees.obj
 0003:00000048       _static_d_desc             10012048     trees.obj
 0003:00000060       ?__proc_attached@@3HA      10012060     MSVCRT:dll_dllmain.obj
 0003:0000006c       ?module_local_atexit_table@@3U_onexit_table_t@@A 1001206c     MSVCRT:utility.obj
 0003:00000078       ?module_local_at_quick_exit_table@@3U_onexit_table_t@@A 10012078     MSVCRT:utility.obj
 0003:00000084       ?is_initialized_as_dll@@3_NA 10012084     MSVCRT:utility.obj
 0003:000000b0       _GS_ExceptionRecord        100120b0     MSVCRT:gs_report.obj
 0003:00000100       _GS_ContextRecord          10012100     MSVCRT:gs_report.obj
 0004:00000000       __guard_fids_?dllmain_crt_process_attach@@YAHQAUHINSTANCE__@@QAX@Z 10013000     MSVCRT:dll_dllmain.obj
 0004:00000008       __guard_fids_?dllmain_dispatch@@YAHQAUHINSTANCE__@@KQAX@Z 10013008     MSVCRT:dll_dllmain.obj
 0004:0000000c       __guard_fids____scrt_set_unhandled_exception_filter 1001300c     MSVCRT:utility_desktop.obj
 0004:00000010       __guard_fids___except_handler4 10013010     MSVCRT:_chandler4gs_.obj
 0004:00000014       __guard_fids__             10013014     MSVCRT:guard_support.obj
 0004:00000018       __guard_fids___guard_icall_checks_enforced 10013018     MSVCRT:guard_support.obj
 0005:00000060       $R000000                   10014060     zlib.res
