 zlib1

 Timestamp is 57f27d59 (Mon Oct  3 17:46:33 2016)

 Preferred load address is 0000000180000000

 Start         Length     Name                   Class
 0001:00000000 0000bef0H .text$mn                CODE
 0001:0000bef0 00000012H .text$mn$00             CODE
 0001:0000bf02 00000081H .text$x                 CODE
 0002:00000000 00000190H .idata$5                DATA
 0002:00000190 00000010H .00cfg                  DATA
 0002:000001a0 00000008H .CRT$XCA                DATA
 0002:000001a8 00000008H .CRT$XCZ                DATA
 0002:000001b0 00000008H .CRT$XIA                DATA
 0002:000001b8 00000008H .CRT$XIZ                DATA
 0002:000001c0 00000008H .CRT$XPA                DATA
 0002:000001c8 00000008H .CRT$XPZ                DATA
 0002:000001d0 00000008H .CRT$XTA                DATA
 0002:000001d8 00000008H .CRT$XTZ                DATA
 0002:000001e0 00004284H .rdata                  DATA
 0002:00004464 000002dcH .rdata$zzzdbg           DATA
 0002:00004740 00000008H .rtc$IAA                DATA
 0002:00004748 00000008H .rtc$IZZ                DATA
 0002:00004750 00000008H .rtc$TAA                DATA
 0002:00004758 00000008H .rtc$TZZ                DATA
 0002:00004760 00000f00H .xdata                  DATA
 0002:00005660 000006c8H .edata                  DATA
 0002:00005d28 00000078H .idata$2                DATA
 0002:00005da0 00000018H .idata$3                DATA
 0002:00005db8 00000190H .idata$4                DATA
 0002:00005f48 000003d8H .idata$6                DATA
 0003:00000000 000000a0H .data                   DATA
 0003:000000a0 00000090H .bss                    DATA
 0004:00000000 00000a98H .pdata                  DATA
 0005:00000000 00000018H .gfids$y                DATA
 0006:00000000 00000060H .rsrc$01                DATA
 0006:00000060 00000330H .rsrc$02                DATA

  Address         Publics by Value              Rva+Base               Lib:Object

 0000:00000000       __guard_iat_table          0000000000000000     <absolute>
 0000:00000000       __guard_iat_count          0000000000000000     <absolute>
 0000:00000000       ___safe_se_handler_count   0000000000000000     <absolute>
 0000:00000000       __guard_fids_count         0000000000000000     <absolute>
 0000:00000000       __guard_longjmp_count      0000000000000000     <absolute>
 0000:00000000       __guard_longjmp_table      0000000000000000     <absolute>
 0000:00000000       __guard_fids_table         0000000000000000     <absolute>
 0000:00000000       __dynamic_value_reloc_table 0000000000000000     <absolute>
 0000:00000000       ___safe_se_handler_table   0000000000000000     <absolute>
 0000:00000100       __guard_flags              0000000000000100     <absolute>
 0000:00000000       __ImageBase                0000000180000000     <linker-defined>
 0001:00000000       adler32                    0000000180001000 f   adler32.obj
 0001:000003b0       adler32_combine            00000001800013b0 f   adler32.obj
 0001:000003c0       adler32_combine64          00000001800013c0 f   adler32.obj
 0001:000003d0       compress2                  00000001800013d0 f   compress.obj
 0001:00000480       compress                   0000000180001480 f   compress.obj
 0001:000004a0       compressBound              00000001800014a0 f   compress.obj
 0001:000004c0       get_crc_table              00000001800014c0 f   crc32.obj
 0001:000004d0       crc32                      00000001800014d0 f   crc32.obj
 0001:00000cb0       crc32_combine              0000000180001cb0 f   crc32.obj
 0001:00000cc0       crc32_combine64            0000000180001cc0 f   crc32.obj
 0001:00000cd0       deflateInit_               0000000180001cd0 f   deflate.obj
 0001:00000d10       deflateInit2_              0000000180001d10 f   deflate.obj
 0001:00000fa0       deflateSetDictionary       0000000180001fa0 f   deflate.obj
 0001:000011d0       deflateResetKeep           00000001800021d0 f   deflate.obj
 0001:000012a0       deflateReset               00000001800022a0 f   deflate.obj
 0001:000012d0       deflateSetHeader           00000001800022d0 f   deflate.obj
 0001:00001300       deflatePending             0000000180002300 f   deflate.obj
 0001:00001340       deflatePrime               0000000180002340 f   deflate.obj
 0001:00001400       deflateParams              0000000180002400 f   deflate.obj
 0001:00001530       deflateTune                0000000180002530 f   deflate.obj
 0001:00001570       deflateBound               0000000180002570 f   deflate.obj
 0001:00001730       deflate                    0000000180002730 f   deflate.obj
 0001:00001fd0       deflateEnd                 0000000180002fd0 f   deflate.obj
 0001:000020b0       deflateCopy                00000001800030b0 f   deflate.obj
 0001:000038b0       gzclose                    00000001800048b0 f   gzclose.obj
 0001:000038d0       __local_stdio_printf_options 00000001800048d0 f i gzlib.obj
 0001:000038e0       _vsnprintf_l               00000001800048e0 f i gzlib.obj
 0001:00003940       _vsnprintf                 0000000180004940 f i gzlib.obj
 0001:000039b0       _snprintf                  00000001800049b0 f i gzlib.obj
 0001:00003d70       gzopen                     0000000180004d70 f   gzlib.obj
 0001:00003d80       gzopen64                   0000000180004d80 f   gzlib.obj
 0001:00003d90       gzdopen                    0000000180004d90 f   gzlib.obj
 0001:00003e20       gzopen_w                   0000000180004e20 f   gzlib.obj
 0001:00003e30       gzbuffer                   0000000180004e30 f   gzlib.obj
 0001:00003e60       gzrewind                   0000000180004e60 f   gzlib.obj
 0001:00003ec0       gzseek64                   0000000180004ec0 f   gzlib.obj
 0001:00004010       gzseek                     0000000180005010 f   gzlib.obj
 0001:00004030       gztell64                   0000000180005030 f   gzlib.obj
 0001:00004070       gztell                     0000000180005070 f   gzlib.obj
 0001:00004090       gzoffset64                 0000000180005090 f   gzlib.obj
 0001:000040f0       gzoffset                   00000001800050f0 f   gzlib.obj
 0001:00004110       gzeof                      0000000180005110 f   gzlib.obj
 0001:00004140       gzerror                    0000000180005140 f   gzlib.obj
 0001:00004190       gzclearerr                 0000000180005190 f   gzlib.obj
 0001:000041c0       gz_error                   00000001800051c0 f   gzlib.obj
 0001:00004820       gzread                     0000000180005820 f   gzread.obj
 0001:000049d0       gzgetc                     00000001800059d0 f   gzread.obj
 0001:00004a40       gzgetc_                    0000000180005a40 f   gzread.obj
 0001:00004a50       gzungetc                   0000000180005a50 f   gzread.obj
 0001:00004b60       gzgets                     0000000180005b60 f   gzread.obj
 0001:00004ca0       gzdirect                   0000000180005ca0 f   gzread.obj
 0001:00004ce0       gzclose_r                  0000000180005ce0 f   gzread.obj
 0001:00004d90       vsnprintf                  0000000180005d90 f i gzwrite.obj
 0001:00005140       gzwrite                    0000000180006140 f   gzwrite.obj
 0001:00005290       gzputc                     0000000180006290 f   gzwrite.obj
 0001:00005350       gzputs                     0000000180006350 f   gzwrite.obj
 0001:00005390       gzvprintf                  0000000180006390 f   gzwrite.obj
 0001:000054b0       gzprintf                   00000001800064b0 f   gzwrite.obj
 0001:000054e0       gzflush                    00000001800064e0 f   gzwrite.obj
 0001:00005560       gzsetparams                0000000180006560 f   gzwrite.obj
 0001:00005630       gzclose_w                  0000000180006630 f   gzwrite.obj
 0001:00005700       inflateBackInit_           0000000180006700 f   infback.obj
 0001:00005840       inflateBack                0000000180006840 f   infback.obj
 0001:000066b0       inflateBackEnd             00000001800076b0 f   infback.obj
 0001:00006700       inflate_fast               0000000180007700 f   inffast.obj
 0001:00006be0       inflateResetKeep           0000000180007be0 f   inflate.obj
 0001:00006c60       inflateReset               0000000180007c60 f   inflate.obj
 0001:00006c90       inflateReset2              0000000180007c90 f   inflate.obj
 0001:00006d40       inflateInit2_              0000000180007d40 f   inflate.obj
 0001:00006e30       inflateInit_               0000000180007e30 f   inflate.obj
 0001:00006e40       inflatePrime               0000000180007e40 f   inflate.obj
 0001:00006fd0       inflate                    0000000180007fd0 f   inflate.obj
 0001:00008760       inflateEnd                 0000000180009760 f   inflate.obj
 0001:000087c0       inflateGetDictionary       00000001800097c0 f   inflate.obj
 0001:00008850       inflateSetDictionary       0000000180009850 f   inflate.obj
 0001:00008900       inflateGetHeader           0000000180009900 f   inflate.obj
 0001:000089a0       inflateSync                00000001800099a0 f   inflate.obj
 0001:00008ab0       inflateSyncPoint           0000000180009ab0 f   inflate.obj
 0001:00008ae0       inflateCopy                0000000180009ae0 f   inflate.obj
 0001:00008d20       inflateUndermine           0000000180009d20 f   inflate.obj
 0001:00008d50       inflateMark                0000000180009d50 f   inflate.obj
 0001:00008db0       inflate_table              0000000180009db0 f   inftrees.obj
 0001:00009280       _tr_init                   000000018000a280 f   trees.obj
 0001:0000a3b0       _tr_stored_block           000000018000b3b0 f   trees.obj
 0001:0000a450       _tr_flush_bits             000000018000b450 f   trees.obj
 0001:0000a460       _tr_align                  000000018000b460 f   trees.obj
 0001:0000a580       _tr_flush_block            000000018000b580 f   trees.obj
 0001:0000ae30       uncompress                 000000018000be30 f   uncompr.obj
 0001:0000af00       zlibVersion                000000018000bf00 f   zutil.obj
 0001:0000af10       zlibCompileFlags           000000018000bf10 f   zutil.obj
 0001:0000af20       zError                     000000018000bf20 f   zutil.obj
 0001:0000af40       zcalloc                    000000018000bf40 f   zutil.obj
 0001:0000af50       zcfree                     000000018000bf50 f   zutil.obj
 0001:0000b2a8       _CRT_INIT                  000000018000c2a8 f   MSVCRT:dll_dllmain.obj
 0001:0000b2b0       _DllMainCRTStartup         000000018000c2b0 f   MSVCRT:dll_dllmain.obj
 0001:0000b2f0       ??$__crt_fast_decode_pointer@PEAP6AXXZ@@YAPEAP6AXXZQEAP6AXXZ@Z 000000018000c2f0 f i MSVCRT:utility.obj
 0001:0000b308       ??$__crt_fast_encode_pointer@PEAP6AXXZ@@YAPEAP6AXXZQEAP6AXXZ@Z 000000018000c308 f i MSVCRT:utility.obj
 0001:0000b328       ?__crt_rotate_pointer_value@@YA_K_KH@Z 000000018000c328 f i MSVCRT:utility.obj
 0001:0000b334       ?configure_argv@__scrt_narrow_argv_policy@@SAHXZ 000000018000c334 f i MSVCRT:utility.obj
 0001:0000b3c4       NtCurrentTeb               000000018000c3c4 f i MSVCRT:utility.obj
 0001:0000b3d0       __scrt_acquire_startup_lock 000000018000c3d0 f   MSVCRT:utility.obj
 0001:0000b40c       __scrt_dllmain_after_initialize_c 000000018000c40c f   MSVCRT:utility.obj
 0001:0000b440       __scrt_dllmain_before_initialize_c 000000018000c440 f   MSVCRT:utility.obj
 0001:0000b458       __scrt_dllmain_crt_thread_attach 000000018000c458 f   MSVCRT:utility.obj
 0001:0000b480       __scrt_dllmain_crt_thread_detach 000000018000c480 f   MSVCRT:utility.obj
 0001:0000b498       __scrt_dllmain_exception_filter 000000018000c498 f   MSVCRT:utility.obj
 0001:0000b4fc       __scrt_dllmain_uninitialize_c 000000018000c4fc f   MSVCRT:utility.obj
 0001:0000b52c       __scrt_dllmain_uninitialize_critical 000000018000c52c f   MSVCRT:utility.obj
 0001:0000b540       __scrt_initialize_crt      000000018000c540 f   MSVCRT:utility.obj
 0001:0000b58c       __scrt_initialize_onexit_tables 000000018000c58c f   MSVCRT:utility.obj
 0001:0000b658       __scrt_is_nonwritable_in_current_image 000000018000c658 f   MSVCRT:utility.obj
 0001:0000b6f4       __scrt_release_startup_lock 000000018000c6f4 f   MSVCRT:utility.obj
 0001:0000b718       __scrt_uninitialize_crt    000000018000c718 f   MSVCRT:utility.obj
 0001:0000b744       _onexit                    000000018000c744 f   MSVCRT:utility.obj
 0001:0000b794       at_quick_exit              000000018000c794 f   MSVCRT:utility.obj
 0001:0000b7cc       atexit                     000000018000c7cc f   MSVCRT:utility.obj
 0001:0000b7e4       __security_init_cookie     000000018000c7e4 f   MSVCRT:gs_support.obj
 0001:0000b890       DllMain                    000000018000c890 f   MSVCRT:dll_dllmain_stub.obj
 0001:0000b8b4       ?__scrt_initialize_type_info@@YAXXZ 000000018000c8b4 f   MSVCRT:tncleanup.obj
 0001:0000b8c4       ?__scrt_uninitialize_type_info@@YAXXZ 000000018000c8c4 f   MSVCRT:tncleanup.obj
 0001:0000b8d0       __local_stdio_scanf_options 000000018000c8d0 f i MSVCRT:default_local_stdio_options.obj
 0001:0000b8d8       __scrt_initialize_default_local_stdio_options 000000018000c8d8 f   MSVCRT:default_local_stdio_options.obj
 0001:0000b8f4       __scrt_get_dyn_tls_init_callback 000000018000c8f4 f   MSVCRT:dyn_tls_init.obj
 0001:0000b8fc       __crt_debugger_hook        000000018000c8fc f   MSVCRT:utility_desktop.obj
 0001:0000b904       __scrt_fastfail            000000018000c904 f   MSVCRT:utility_desktop.obj
 0001:0000ba4c       __scrt_get_show_window_mode 000000018000ca4c f   MSVCRT:utility_desktop.obj
 0001:0000ba88       __scrt_initialize_winrt    000000018000ca88 f   MSVCRT:utility_desktop.obj
 0001:0000ba8c       __scrt_is_managed_app      000000018000ca8c f   MSVCRT:utility_desktop.obj
 0001:0000bae0       __scrt_set_unhandled_exception_filter 000000018000cae0 f   MSVCRT:utility_desktop.obj
 0001:0000baf0       __scrt_unhandled_exception_filter 000000018000caf0 f   MSVCRT:utility_desktop.obj
 0001:0000bb28       _RTC_Initialize            000000018000cb28 f   MSVCRT:_initsect_.obj
 0001:0000bb74       _RTC_Terminate             000000018000cb74 f   MSVCRT:_initsect_.obj
 0001:0000bbc0       _guard_check_icall         000000018000cbc0 f i MSVCRT:checkcfg.obj
 0001:0000bbc8       __isa_available_init       000000018000cbc8 f   MSVCRT:_cpu_disp_.obj
 0001:0000bd90       _get_startup_argv_mode     000000018000cd90 f   MSVCRT:argv_mode.obj
 0001:0000bd98       __scrt_is_ucrt_dll_in_use  000000018000cd98 f   MSVCRT:ucrt_detection.obj
 0001:0000bda4       _guard_check_icall_nop     000000018000cda4 f i MSVCRT:guard_support.obj
 0001:0000bda8       _guard_icall_checks_enforced 000000018000cda8 f i MSVCRT:guard_support.obj
 0001:0000bdc0       memchr                     000000018000cdc0 f   vcruntime:VCRUNTIME140.dll
 0001:0000bdc6       __C_specific_handler       000000018000cdc6 f   vcruntime:VCRUNTIME140.dll
 0001:0000bdcc       __std_type_info_destroy_list 000000018000cdcc f   vcruntime:VCRUNTIME140.dll
 0001:0000bdd2       memset                     000000018000cdd2 f   vcruntime:VCRUNTIME140.dll
 0001:0000bdd8       _lseeki64                  000000018000cdd8 f   ucrt:api-ms-win-crt-stdio-l1-1-0.dll
 0001:0000bdde       _wopen                     000000018000cdde f   ucrt:api-ms-win-crt-stdio-l1-1-0.dll
 0001:0000bde4       wcstombs                   000000018000cde4 f   ucrt:api-ms-win-crt-convert-l1-1-0.dll
 0001:0000bdea       __stdio_common_vsprintf    000000018000cdea f   ucrt:api-ms-win-crt-stdio-l1-1-0.dll
 0001:0000bdf0       free                       000000018000cdf0 f   ucrt:api-ms-win-crt-heap-l1-1-0.dll
 0001:0000bdf6       malloc                     000000018000cdf6 f   ucrt:api-ms-win-crt-heap-l1-1-0.dll
 0001:0000bdfc       _errno                     000000018000cdfc f   ucrt:api-ms-win-crt-runtime-l1-1-0.dll
 0001:0000be02       strerror                   000000018000ce02 f   ucrt:api-ms-win-crt-runtime-l1-1-0.dll
 0001:0000be08       _initterm                  000000018000ce08 f   ucrt:api-ms-win-crt-runtime-l1-1-0.dll
 0001:0000be0e       _initterm_e                000000018000ce0e f   ucrt:api-ms-win-crt-runtime-l1-1-0.dll
 0001:0000be14       _seh_filter_dll            000000018000ce14 f   ucrt:api-ms-win-crt-runtime-l1-1-0.dll
 0001:0000be1a       _configure_narrow_argv     000000018000ce1a f   ucrt:api-ms-win-crt-runtime-l1-1-0.dll
 0001:0000be20       _initialize_narrow_environment 000000018000ce20 f   ucrt:api-ms-win-crt-runtime-l1-1-0.dll
 0001:0000be26       _initialize_onexit_table   000000018000ce26 f   ucrt:api-ms-win-crt-runtime-l1-1-0.dll
 0001:0000be2c       _register_onexit_function  000000018000ce2c f   ucrt:api-ms-win-crt-runtime-l1-1-0.dll
 0001:0000be32       _execute_onexit_table      000000018000ce32 f   ucrt:api-ms-win-crt-runtime-l1-1-0.dll
 0001:0000be38       _crt_atexit                000000018000ce38 f   ucrt:api-ms-win-crt-runtime-l1-1-0.dll
 0001:0000be3e       _crt_at_quick_exit         000000018000ce3e f   ucrt:api-ms-win-crt-runtime-l1-1-0.dll
 0001:0000be44       _cexit                     000000018000ce44 f   ucrt:api-ms-win-crt-runtime-l1-1-0.dll
 0001:0000be4a       terminate                  000000018000ce4a f   ucrt:api-ms-win-crt-runtime-l1-1-0.dll
 0001:0000be50       _open                      000000018000ce50 f   ucrt:api-ms-win-crt-stdio-l1-1-0.dll
 0001:0000be56       _read                      000000018000ce56 f   ucrt:api-ms-win-crt-stdio-l1-1-0.dll
 0001:0000be5c       _close                     000000018000ce5c f   ucrt:api-ms-win-crt-stdio-l1-1-0.dll
 0001:0000be62       _write                     000000018000ce62 f   ucrt:api-ms-win-crt-stdio-l1-1-0.dll
 0001:0000be68       QueryPerformanceCounter    000000018000ce68 f   kernel32:KERNEL32.dll
 0001:0000be6e       GetCurrentProcessId        000000018000ce6e f   kernel32:KERNEL32.dll
 0001:0000be74       GetCurrentThreadId         000000018000ce74 f   kernel32:KERNEL32.dll
 0001:0000be7a       GetSystemTimeAsFileTime    000000018000ce7a f   kernel32:KERNEL32.dll
 0001:0000be80       DisableThreadLibraryCalls  000000018000ce80 f   kernel32:KERNEL32.dll
 0001:0000be86       InitializeSListHead        000000018000ce86 f   kernel32:KERNEL32.dll
 0001:0000be8c       RtlCaptureContext          000000018000ce8c f   kernel32:KERNEL32.dll
 0001:0000be92       RtlLookupFunctionEntry     000000018000ce92 f   kernel32:KERNEL32.dll
 0001:0000be98       RtlVirtualUnwind           000000018000ce98 f   kernel32:KERNEL32.dll
 0001:0000be9e       IsDebuggerPresent          000000018000ce9e f   kernel32:KERNEL32.dll
 0001:0000bea4       UnhandledExceptionFilter   000000018000cea4 f   kernel32:KERNEL32.dll
 0001:0000beaa       SetUnhandledExceptionFilter 000000018000ceaa f   kernel32:KERNEL32.dll
 0001:0000beb0       GetStartupInfoW            000000018000ceb0 f   kernel32:KERNEL32.dll
 0001:0000beb6       IsProcessorFeaturePresent  000000018000ceb6 f   kernel32:KERNEL32.dll
 0001:0000bebc       GetModuleHandleW           000000018000cebc f   kernel32:KERNEL32.dll
 0001:0000bec4       __scrt_stub_for_acrt_initialize 000000018000cec4 f   MSVCRT:ucrt_stubs.obj
 0001:0000bec4       __acrt_initialize          000000018000cec4 f   MSVCRT:ucrt_stubs.obj
 0001:0000bec4       __vcrt_initialize          000000018000cec4 f   MSVCRT:ucrt_stubs.obj
 0001:0000bec8       __vcrt_thread_attach       000000018000cec8 f   MSVCRT:ucrt_stubs.obj
 0001:0000bec8       __scrt_stub_for_acrt_thread_attach 000000018000cec8 f   MSVCRT:ucrt_stubs.obj
 0001:0000bec8       __acrt_thread_attach       000000018000cec8 f   MSVCRT:ucrt_stubs.obj
 0001:0000becc       __scrt_stub_for_acrt_thread_detach 000000018000cecc f   MSVCRT:ucrt_stubs.obj
 0001:0000becc       __vcrt_thread_detach       000000018000cecc f   MSVCRT:ucrt_stubs.obj
 0001:0000becc       __acrt_thread_detach       000000018000cecc f   MSVCRT:ucrt_stubs.obj
 0001:0000bed0       __vcrt_uninitialize        000000018000ced0 f   MSVCRT:ucrt_stubs.obj
 0001:0000bed0       __acrt_uninitialize        000000018000ced0 f   MSVCRT:ucrt_stubs.obj
 0001:0000bed0       __scrt_stub_for_acrt_uninitialize 000000018000ced0 f   MSVCRT:ucrt_stubs.obj
 0001:0000bed4       __acrt_uninitialize_critical 000000018000ced4 f   MSVCRT:ucrt_stubs.obj
 0001:0000bed4       __scrt_stub_for_acrt_uninitialize_critical 000000018000ced4 f   MSVCRT:ucrt_stubs.obj
 0001:0000bed4       __vcrt_uninitialize_critical 000000018000ced4 f   MSVCRT:ucrt_stubs.obj
 0001:0000bed8       _is_c_termination_complete 000000018000ced8 f   MSVCRT:ucrt_stubs.obj
 0001:0000bed8       __scrt_stub_for_is_c_termination_complete 000000018000ced8 f   MSVCRT:ucrt_stubs.obj
 0001:0000bedc       memcpy                     000000018000cedc f   vcruntime:VCRUNTIME140.dll
 0001:0000bf00       _guard_dispatch_icall_nop  000000018000cf00 f   MSVCRT:_guard_dispatch_.obj
 0002:00000000       __imp_UnhandledExceptionFilter 000000018000d000     kernel32:KERNEL32.dll
 0002:00000008       __imp_GetCurrentProcessId  000000018000d008     kernel32:KERNEL32.dll
 0002:00000010       __imp_GetCurrentThreadId   000000018000d010     kernel32:KERNEL32.dll
 0002:00000018       __imp_GetSystemTimeAsFileTime 000000018000d018     kernel32:KERNEL32.dll
 0002:00000020       __imp_DisableThreadLibraryCalls 000000018000d020     kernel32:KERNEL32.dll
 0002:00000028       __imp_GetModuleHandleW     000000018000d028     kernel32:KERNEL32.dll
 0002:00000030       __imp_IsProcessorFeaturePresent 000000018000d030     kernel32:KERNEL32.dll
 0002:00000038       __imp_GetStartupInfoW      000000018000d038     kernel32:KERNEL32.dll
 0002:00000040       __imp_SetUnhandledExceptionFilter 000000018000d040     kernel32:KERNEL32.dll
 0002:00000048       __imp_QueryPerformanceCounter 000000018000d048     kernel32:KERNEL32.dll
 0002:00000050       __imp_IsDebuggerPresent    000000018000d050     kernel32:KERNEL32.dll
 0002:00000058       __imp_RtlVirtualUnwind     000000018000d058     kernel32:KERNEL32.dll
 0002:00000060       __imp_RtlLookupFunctionEntry 000000018000d060     kernel32:KERNEL32.dll
 0002:00000068       __imp_RtlCaptureContext    000000018000d068     kernel32:KERNEL32.dll
 0002:00000070       __imp_InitializeSListHead  000000018000d070     kernel32:KERNEL32.dll
 0002:00000078       \177KERNEL32_NULL_THUNK_DATA 000000018000d078     kernel32:KERNEL32.dll
 0002:00000080       __imp_memset               000000018000d080     vcruntime:VCRUNTIME140.dll
 0002:00000088       __imp___std_type_info_destroy_list 000000018000d088     vcruntime:VCRUNTIME140.dll
 0002:00000090       __imp___C_specific_handler 000000018000d090     vcruntime:VCRUNTIME140.dll
 0002:00000098       __imp_memchr               000000018000d098     vcruntime:VCRUNTIME140.dll
 0002:000000a0       __imp_memcpy               000000018000d0a0     vcruntime:VCRUNTIME140.dll
 0002:000000a8       \177VCRUNTIME140_NULL_THUNK_DATA 000000018000d0a8     vcruntime:VCRUNTIME140.dll
 0002:000000b0       __imp_wcstombs             000000018000d0b0     ucrt:api-ms-win-crt-convert-l1-1-0.dll
 0002:000000b8       \177api-ms-win-crt-convert-l1-1-0_NULL_THUNK_DATA 000000018000d0b8     ucrt:api-ms-win-crt-convert-l1-1-0.dll
 0002:000000c0       __imp_malloc               000000018000d0c0     ucrt:api-ms-win-crt-heap-l1-1-0.dll
 0002:000000c8       __imp_free                 000000018000d0c8     ucrt:api-ms-win-crt-heap-l1-1-0.dll
 0002:000000d0       \177api-ms-win-crt-heap-l1-1-0_NULL_THUNK_DATA 000000018000d0d0     ucrt:api-ms-win-crt-heap-l1-1-0.dll
 0002:000000d8       __imp_terminate            000000018000d0d8     ucrt:api-ms-win-crt-runtime-l1-1-0.dll
 0002:000000e0       __imp__errno               000000018000d0e0     ucrt:api-ms-win-crt-runtime-l1-1-0.dll
 0002:000000e8       __imp__cexit               000000018000d0e8     ucrt:api-ms-win-crt-runtime-l1-1-0.dll
 0002:000000f0       __imp__crt_at_quick_exit   000000018000d0f0     ucrt:api-ms-win-crt-runtime-l1-1-0.dll
 0002:000000f8       __imp__crt_atexit          000000018000d0f8     ucrt:api-ms-win-crt-runtime-l1-1-0.dll
 0002:00000100       __imp__execute_onexit_table 000000018000d100     ucrt:api-ms-win-crt-runtime-l1-1-0.dll
 0002:00000108       __imp__register_onexit_function 000000018000d108     ucrt:api-ms-win-crt-runtime-l1-1-0.dll
 0002:00000110       __imp__initialize_onexit_table 000000018000d110     ucrt:api-ms-win-crt-runtime-l1-1-0.dll
 0002:00000118       __imp__initialize_narrow_environment 000000018000d118     ucrt:api-ms-win-crt-runtime-l1-1-0.dll
 0002:00000120       __imp__configure_narrow_argv 000000018000d120     ucrt:api-ms-win-crt-runtime-l1-1-0.dll
 0002:00000128       __imp__seh_filter_dll      000000018000d128     ucrt:api-ms-win-crt-runtime-l1-1-0.dll
 0002:00000130       __imp__initterm_e          000000018000d130     ucrt:api-ms-win-crt-runtime-l1-1-0.dll
 0002:00000138       __imp__initterm            000000018000d138     ucrt:api-ms-win-crt-runtime-l1-1-0.dll
 0002:00000140       __imp_strerror             000000018000d140     ucrt:api-ms-win-crt-runtime-l1-1-0.dll
 0002:00000148       \177api-ms-win-crt-runtime-l1-1-0_NULL_THUNK_DATA 000000018000d148     ucrt:api-ms-win-crt-runtime-l1-1-0.dll
 0002:00000150       __imp__write               000000018000d150     ucrt:api-ms-win-crt-stdio-l1-1-0.dll
 0002:00000150       __imp_write                000000018000d150     ucrt:api-ms-win-crt-stdio-l1-1-0.dll
 0002:00000158       __imp__close               000000018000d158     ucrt:api-ms-win-crt-stdio-l1-1-0.dll
 0002:00000158       __imp_close                000000018000d158     ucrt:api-ms-win-crt-stdio-l1-1-0.dll
 0002:00000160       __imp___stdio_common_vsprintf 000000018000d160     ucrt:api-ms-win-crt-stdio-l1-1-0.dll
 0002:00000168       __imp__read                000000018000d168     ucrt:api-ms-win-crt-stdio-l1-1-0.dll
 0002:00000168       __imp_read                 000000018000d168     ucrt:api-ms-win-crt-stdio-l1-1-0.dll
 0002:00000170       __imp__wopen               000000018000d170     ucrt:api-ms-win-crt-stdio-l1-1-0.dll
 0002:00000178       __imp__lseeki64            000000018000d178     ucrt:api-ms-win-crt-stdio-l1-1-0.dll
 0002:00000180       __imp_open                 000000018000d180     ucrt:api-ms-win-crt-stdio-l1-1-0.dll
 0002:00000180       __imp__open                000000018000d180     ucrt:api-ms-win-crt-stdio-l1-1-0.dll
 0002:00000188       \177api-ms-win-crt-stdio-l1-1-0_NULL_THUNK_DATA 000000018000d188     ucrt:api-ms-win-crt-stdio-l1-1-0.dll
 0002:00000190       __guard_check_icall_fptr   000000018000d190     MSVCRT:guard_support.obj
 0002:00000198       __guard_dispatch_icall_fptr 000000018000d198     MSVCRT:guard_support.obj
 0002:000001a0       __xc_a                     000000018000d1a0     MSVCRT:initializers.obj
 0002:000001a8       __xc_z                     000000018000d1a8     MSVCRT:initializers.obj
 0002:000001b0       __xi_a                     000000018000d1b0     MSVCRT:initializers.obj
 0002:000001b8       __xi_z                     000000018000d1b8     MSVCRT:initializers.obj
 0002:000001c0       __xp_a                     000000018000d1c0     MSVCRT:initializers.obj
 0002:000001c8       __xp_z                     000000018000d1c8     MSVCRT:initializers.obj
 0002:000001d0       __xt_a                     000000018000d1d0     MSVCRT:initializers.obj
 0002:000001d8       __xt_z                     000000018000d1d8     MSVCRT:initializers.obj
 0002:000001e0       _pDefaultRawDllMain        000000018000d1e0     MSVCRT:dll_dllmain.obj
 0002:000001e0       _pRawDllMain               000000018000d1e0     MSVCRT:dll_dllmain.obj
 0002:000001e8       ??_C@_05IAIEPMAK@1?42?48?$AA@ 000000018000d1e8     compress.obj
 0002:00003500       _length_code               0000000180010500     trees.obj
 0002:00003600       _dist_code                 0000000180010600     trees.obj
 0002:00003f70       z_errmsg                   0000000180010f70     zutil.obj
 0002:00003fc0       ??_C@_02DKCKIIND@?$CFs?$AA@ 0000000180010fc0     gzlib.obj
 0002:00003fc8       ??_C@_07EBNKNFJN@?$DMfd?3?$CFd?$DO?$AA@ 0000000180010fc8     gzlib.obj
 0002:00003fd0       ??_C@_0O@BNNCBLEN@out?5of?5memory?$AA@ 0000000180010fd0     gzlib.obj
 0002:00003fde       ??_C@_00CNPNBAHC@?$AA@     0000000180010fde     gzlib.obj
 0002:00003fe0       ??_C@_02LMMGGCAJ@?3?5?$AA@ 0000000180010fe0     gzlib.obj
 0002:00003fe4       ??_C@_06DIJPEION@?$CFs?$CFs?$CFs?$AA@ 0000000180010fe4     gzlib.obj
 0002:00003ff0       ??_C@_0BH@CFIIDOJD@unexpected?5end?5of?5file?$AA@ 0000000180010ff0     gzread.obj
 0002:00004008       ??_C@_0CH@CPOLIEKA@internal?5error?3?5inflate?5stream?5c@ 0000000180011008     gzread.obj
 0002:00004030       ??_C@_0BG@HCKBMIHF@compressed?5data?5error?$AA@ 0000000180011030     gzread.obj
 0002:00004048       ??_C@_0CF@MLPJFDMM@requested?5length?5does?5not?5fit?5in@ 0000000180011048     gzread.obj
 0002:00004070       ??_C@_0BP@IIKIGMCC@out?5of?5room?5to?5push?5characters?$AA@ 0000000180011070     gzread.obj
 0002:00004090       ??_C@_0CH@DEEGAHIB@internal?5error?3?5deflate?5stream?5c@ 0000000180011090     gzwrite.obj
 0002:000040b8       ??_C@_0BD@PJCBIDD@invalid?5block?5type?$AA@ 00000001800110b8     infback.obj
 0002:000040d0       ??_C@_0BN@LGAADGOK@invalid?5stored?5block?5lengths?$AA@ 00000001800110d0     infback.obj
 0002:000040f0       ??_C@_0CE@GMIGFPBB@too?5many?5length?5or?5distance?5symb@ 00000001800110f0     infback.obj
 0002:00004118       ??_C@_0BJ@HDEPPGOH@invalid?5code?5lengths?5set?$AA@ 0000000180011118     infback.obj
 0002:00004138       ??_C@_0BK@BMMPFBBH@invalid?5bit?5length?5repeat?$AA@ 0000000180011138     infback.obj
 0002:00004158       ??_C@_0CF@DGDMADCD@invalid?5code?5?9?9?5missing?5end?9of?9b@ 0000000180011158     infback.obj
 0002:00004180       ??_C@_0BM@IIMGAINC@invalid?5literal?1lengths?5set?$AA@ 0000000180011180     infback.obj
 0002:000041a0       ??_C@_0BG@GMDFCBGP@invalid?5distances?5set?$AA@ 00000001800111a0     infback.obj
 0002:000041b8       ??_C@_0BM@FFFLPBBC@invalid?5literal?1length?5code?$AA@ 00000001800111b8     infback.obj
 0002:000041d8       ??_C@_0BG@LBKINIKP@invalid?5distance?5code?$AA@ 00000001800111d8     infback.obj
 0002:000041f0       ??_C@_0BO@ECPMAOGG@invalid?5distance?5too?5far?5back?$AA@ 00000001800111f0     infback.obj
 0002:00004210       ??_C@_0BH@LIBMMIGA@incorrect?5header?5check?$AA@ 0000000180011210     inflate.obj
 0002:00004228       ??_C@_0BL@IHKGDAEE@unknown?5compression?5method?$AA@ 0000000180011228     inflate.obj
 0002:00004248       ??_C@_0BE@EMOGCLGO@invalid?5window?5size?$AA@ 0000000180011248     inflate.obj
 0002:00004260       ??_C@_0BJ@BLBBCOMO@unknown?5header?5flags?5set?$AA@ 0000000180011260     inflate.obj
 0002:00004280       ??_C@_0BE@GONKLEPM@header?5crc?5mismatch?$AA@ 0000000180011280     inflate.obj
 0002:00004298       ??_C@_0BF@MEIGEHBE@incorrect?5data?5check?$AA@ 0000000180011298     inflate.obj
 0002:000042b0       ??_C@_0BH@FGKKJGOC@incorrect?5length?5check?$AA@ 00000001800112b0     inflate.obj
 0002:000042c8       ??_C@_0BA@MOKMMFOD@need?5dictionary?$AA@ 00000001800112c8     zutil.obj
 0002:000042d8       ??_C@_0L@FNAOCBOG@stream?5end?$AA@ 00000001800112d8     zutil.obj
 0002:000042e8       ??_C@_0L@KIJFAKBJ@file?5error?$AA@ 00000001800112e8     zutil.obj
 0002:000042f8       ??_C@_0N@MKKNPMJD@stream?5error?$AA@ 00000001800112f8     zutil.obj
 0002:00004308       ??_C@_0L@HAHMBNLP@data?5error?$AA@ 0000000180011308     zutil.obj
 0002:00004318       ??_C@_0BE@OGGJBMCE@insufficient?5memory?$AA@ 0000000180011318     zutil.obj
 0002:00004330       ??_C@_0N@DFPGLBGC@buffer?5error?$AA@ 0000000180011330     zutil.obj
 0002:00004340       ??_C@_0BF@CJFPCCEG@incompatible?5version?$AA@ 0000000180011340     zutil.obj
 0002:000043d0       _load_config_used          00000001800113d0     MSVCRT:loadcfg.obj
 0002:00004740       __rtc_iaa                  0000000180011740     MSVCRT:_initsect_.obj
 0002:00004748       __rtc_izz                  0000000180011748     MSVCRT:_initsect_.obj
 0002:00004750       __rtc_taa                  0000000180011750     MSVCRT:_initsect_.obj
 0002:00004758       __rtc_tzz                  0000000180011758     MSVCRT:_initsect_.obj
 0002:00005d28       __IMPORT_DESCRIPTOR_VCRUNTIME140 0000000180012d28     vcruntime:VCRUNTIME140.dll
 0002:00005d3c       __IMPORT_DESCRIPTOR_api-ms-win-crt-stdio-l1-1-0 0000000180012d3c     ucrt:api-ms-win-crt-stdio-l1-1-0.dll
 0002:00005d50       __IMPORT_DESCRIPTOR_api-ms-win-crt-convert-l1-1-0 0000000180012d50     ucrt:api-ms-win-crt-convert-l1-1-0.dll
 0002:00005d64       __IMPORT_DESCRIPTOR_api-ms-win-crt-heap-l1-1-0 0000000180012d64     ucrt:api-ms-win-crt-heap-l1-1-0.dll
 0002:00005d78       __IMPORT_DESCRIPTOR_api-ms-win-crt-runtime-l1-1-0 0000000180012d78     ucrt:api-ms-win-crt-runtime-l1-1-0.dll
 0002:00005d8c       __IMPORT_DESCRIPTOR_KERNEL32 0000000180012d8c     kernel32:KERNEL32.dll
 0002:00005da0       __NULL_IMPORT_DESCRIPTOR   0000000180012da0     vcruntime:VCRUNTIME140.dll
 0003:00000000       __scrt_native_dllmain_reason 0000000180014000     MSVCRT:utility.obj
 0003:00000008       __isa_available            0000000180014008     MSVCRT:_cpu_disp_.obj
 0003:0000000c       __isa_enabled              000000018001400c     MSVCRT:_cpu_disp_.obj
 0003:00000010       __memcpy_nt_iters          0000000180014010     MSVCRT:_cpu_disp_.obj
 0003:00000018       __security_cookie          0000000180014018     MSVCRT:gs_cookie.obj
 0003:00000020       __security_cookie_complement 0000000180014020     MSVCRT:gs_cookie.obj
 0003:00000030       __scrt_ucrt_dll_is_in_use  0000000180014030     MSVCRT:ucrt_stubs.obj
 0003:000000a8       __scrt_current_native_startup_state 00000001800140a8     MSVCRT:utility.obj
 0003:000000b0       __scrt_native_startup_lock 00000001800140b0     MSVCRT:utility.obj
 0003:000000f0       ?__type_info_root_node@@3U__type_info_node@@A 00000001800140f0     MSVCRT:tncleanup.obj
 0003:00000100       ?_OptionsStorage@?1??__local_stdio_printf_options@@9@4_KA 0000000180014100     MSVCRT:default_local_stdio_options.obj
 0003:00000108       ?_OptionsStorage@?1??__local_stdio_scanf_options@@9@4_KA 0000000180014108     MSVCRT:default_local_stdio_options.obj
 0003:00000110       __scrt_debugger_hook_flag  0000000180014110     MSVCRT:utility_desktop.obj
 0003:00000114       __favor                    0000000180014114     MSVCRT:_cpu_disp_.obj
 0003:00000118       __dyn_tls_init_callback    0000000180014118     <common>
 0003:00000120       ?_OptionsStorage@?1??__local_stdio_printf_options@@9@9 0000000180014120     <common>
 0003:00000128       ?_OptionsStorage@?1??__local_stdio_scanf_options@@9@9 0000000180014128     <common>

 entry point at        0001:0000b2b0

 Static symbols

 0000:fffe7000       .debug$S                   0000000180000000     ucrt:api-ms-win-crt-runtime-l1-1-0.dll
 0000:fffe7000       .debug$S                   0000000180000000     zlib1.exp
 0000:fffe7000       .debug$S                   0000000180000000     ucrt:api-ms-win-crt-runtime-l1-1-0.dll
 0000:fffe7000       .debug$S                   0000000180000000     ucrt:api-ms-win-crt-runtime-l1-1-0.dll
 0000:fffe7000       .debug$S                   0000000180000000     kernel32:KERNEL32.dll
 0000:fffe7000       .debug$S                   0000000180000000     ucrt:api-ms-win-crt-runtime-l1-1-0.dll
 0000:fffe7000       .debug$S                   0000000180000000     vcruntime:VCRUNTIME140.dll
 0000:fffe7000       .debug$S                   0000000180000000     vcruntime:VCRUNTIME140.dll
 0000:fffe7000       .debug$S                   0000000180000000     vcruntime:VCRUNTIME140.dll
 0000:fffe7000       .debug$S                   0000000180000000     vcruntime:VCRUNTIME140.dll
 0000:fffe7000       .debug$S                   0000000180000000     kernel32:KERNEL32.dll
 0000:fffe7000       .debug$S                   0000000180000000     vcruntime:VCRUNTIME140.dll
 0000:fffe7000       .debug$S                   0000000180000000     kernel32:KERNEL32.dll
 0000:fffe7000       .debug$S                   0000000180000000     kernel32:KERNEL32.dll
 0000:fffe7000       .debug$S                   0000000180000000     kernel32:KERNEL32.dll
 0000:fffe7000       .debug$S                   0000000180000000     ucrt:api-ms-win-crt-stdio-l1-1-0.dll
 0000:fffe7000       .debug$S                   0000000180000000     kernel32:KERNEL32.dll
 0000:fffe7000       .debug$S                   0000000180000000     ucrt:api-ms-win-crt-stdio-l1-1-0.dll
 0000:fffe7000       .debug$S                   0000000180000000     ucrt:api-ms-win-crt-convert-l1-1-0.dll
 0000:fffe7000       .debug$S                   0000000180000000     ucrt:api-ms-win-crt-heap-l1-1-0.dll
 0000:fffe7000       .debug$S                   0000000180000000     kernel32:KERNEL32.dll
 0000:fffe7000       .debug$S                   0000000180000000     ucrt:api-ms-win-crt-stdio-l1-1-0.dll
 0000:fffe7000       .debug$S                   0000000180000000     ucrt:api-ms-win-crt-heap-l1-1-0.dll
 0000:fffe7000       .debug$S                   0000000180000000     kernel32:KERNEL32.dll
 0000:fffe7000       .debug$S                   0000000180000000     kernel32:KERNEL32.dll
 0000:fffe7000       .debug$S                   0000000180000000     ucrt:api-ms-win-crt-stdio-l1-1-0.dll
 0000:fffe7000       .debug$S                   0000000180000000     ucrt:api-ms-win-crt-runtime-l1-1-0.dll
 0000:fffe7000       .debug$S                   0000000180000000     kernel32:KERNEL32.dll
 0000:fffe7000       .debug$S                   0000000180000000     ucrt:api-ms-win-crt-runtime-l1-1-0.dll
 0000:fffe7000       .debug$S                   0000000180000000     ucrt:api-ms-win-crt-stdio-l1-1-0.dll
 0000:fffe7000       .debug$S                   0000000180000000     ucrt:api-ms-win-crt-runtime-l1-1-0.dll
 0000:fffe7000       .debug$S                   0000000180000000     kernel32:KERNEL32.dll
 0000:fffe7000       .debug$S                   0000000180000000     ucrt:api-ms-win-crt-runtime-l1-1-0.dll
 0000:fffe7000       .debug$S                   0000000180000000     ucrt:api-ms-win-crt-stdio-l1-1-0.dll
 0000:fffe7000       .debug$S                   0000000180000000     ucrt:api-ms-win-crt-runtime-l1-1-0.dll
 0000:fffe7000       .debug$S                   0000000180000000     ucrt:api-ms-win-crt-stdio-l1-1-0.dll
 0000:fffe7000       .debug$S                   0000000180000000     ucrt:api-ms-win-crt-runtime-l1-1-0.dll
 0000:fffe7000       .debug$S                   0000000180000000     ucrt:api-ms-win-crt-runtime-l1-1-0.dll
 0000:fffe7000       .debug$S                   0000000180000000     kernel32:KERNEL32.dll
 0000:fffe7000       .debug$S                   0000000180000000     ucrt:api-ms-win-crt-runtime-l1-1-0.dll
 0000:fffe7000       .debug$S                   0000000180000000     kernel32:KERNEL32.dll
 0000:fffe7000       .debug$S                   0000000180000000     ucrt:api-ms-win-crt-runtime-l1-1-0.dll
 0000:fffe7000       .debug$S                   0000000180000000     kernel32:KERNEL32.dll
 0000:fffe7000       .debug$S                   0000000180000000     ucrt:api-ms-win-crt-runtime-l1-1-0.dll
 0000:fffe7000       .debug$S                   0000000180000000     kernel32:KERNEL32.dll
 0001:000002e0       adler32_combine_           00000001800012e0 f   adler32.obj
 0001:000004e0       crc32_little               00000001800014e0 f   crc32.obj
 0001:000007e0       crc32_big                  00000001800017e0 f   crc32.obj
 0001:00000b70       gf2_matrix_times           0000000180001b70 f   crc32.obj
 0001:00000b90       gf2_matrix_square          0000000180001b90 f   crc32.obj
 0001:00000bd0       crc32_combine_             0000000180001bd0 f   crc32.obj
 0001:00001680       putShortMSB                0000000180002680 f   deflate.obj
 0001:000016b0       flush_pending              00000001800026b0 f   deflate.obj
 0001:00002320       read_buf                   0000000180003320 f   deflate.obj
 0001:000023c0       lm_init                    00000001800033c0 f   deflate.obj
 0001:00002470       longest_match              0000000180003470 f   deflate.obj
 0001:00002640       fill_window                0000000180003640 f   deflate.obj
 0001:000028a0       deflate_stored             00000001800038a0 f   deflate.obj
 0001:00002a90       deflate_fast               0000000180003a90 f   deflate.obj
 0001:00002e90       deflate_slow               0000000180003e90 f   deflate.obj
 0001:000033a0       deflate_rle                00000001800043a0 f   deflate.obj
 0001:000036e0       deflate_huff               00000001800046e0 f   deflate.obj
 0001:00003a10       gz_reset                   0000000180004a10 f   gzlib.obj
 0001:00003a60       gz_open                    0000000180004a60 f   gzlib.obj
 0001:00003cec       $LN52                      0000000180004cec     gzlib.obj
 0001:00003d18       $LN51                      0000000180004d18     gzlib.obj
 0001:000042c0       gz_load                    00000001800052c0 f   gzread.obj
 0001:00004360       gz_avail                   0000000180005360 f   gzread.obj
 0001:000043f0       gz_look                    00000001800053f0 f   gzread.obj
 0001:000045e0       gz_decomp                  00000001800055e0 f   gzread.obj
 0001:000046f0       gz_fetch                   00000001800056f0 f   gzread.obj
 0001:000047a0       gz_skip                    00000001800057a0 f   gzread.obj
 0001:00004e00       gz_init                    0000000180005e00 f   gzwrite.obj
 0001:00004f00       gz_comp                    0000000180005f00 f   gzwrite.obj
 0001:00005080       gz_zero                    0000000180006080 f   gzwrite.obj
 0001:00005810       fixedtables                0000000180006810 f   infback.obj
 0001:0000665c       $LN473                     000000018000765c     infback.obj
 0001:00006ea0       fixedtables                0000000180007ea0 f   inflate.obj
 0001:00006ed0       updatewindow               0000000180007ed0 f   inflate.obj
 0001:000086d8       $LN799                     00000001800096d8     inflate.obj
 0001:00008930       syncsearch                 0000000180009930 f   inflate.obj
 0001:00009270       tr_static_init             000000018000a270 f   trees.obj
 0001:000092f0       init_block                 000000018000a2f0 f   trees.obj
 0001:00009370       pqdownheap                 000000018000a370 f   trees.obj
 0001:00009480       gen_bitlen                 000000018000a480 f   trees.obj
 0001:00009690       gen_codes                  000000018000a690 f   trees.obj
 0001:00009710       build_tree                 000000018000a710 f   trees.obj
 0001:00009950       scan_tree                  000000018000a950 f   trees.obj
 0001:00009a90       send_tree                  000000018000aa90 f   trees.obj
 0001:0000a060       build_bl_tree              000000018000b060 f   trees.obj
 0001:0000a130       send_all_trees             000000018000b130 f   trees.obj
 0001:0000a7b0       compress_block             000000018000b7b0 f   trees.obj
 0001:0000ac00       detect_data_type           000000018000bc00 f   trees.obj
 0001:0000ac80       bi_reverse                 000000018000bc80 f   trees.obj
 0001:0000aca0       bi_flush                   000000018000bca0 f   trees.obj
 0001:0000ad20       bi_windup                  000000018000bd20 f   trees.obj
 0001:0000ad80       copy_block                 000000018000bd80 f   trees.obj
 0001:0000af5c       ?dllmain_crt_dispatch@@YAHQEAUHINSTANCE__@@KQEAX@Z 000000018000bf5c f   MSVCRT:dll_dllmain.obj
 0001:0000afac       ?dllmain_crt_process_attach@@YAHQEAUHINSTANCE__@@QEAX@Z 000000018000bfac f   MSVCRT:dll_dllmain.obj
 0001:0000b0d8       ?dllmain_crt_process_detach@@YAH_N@Z 000000018000c0d8 f   MSVCRT:dll_dllmain.obj
 0001:0000b15c       ?dllmain_dispatch@@YAHQEAUHINSTANCE__@@KQEAX@Z 000000018000c15c f   MSVCRT:dll_dllmain.obj
 0001:0000b254       ?dllmain_raw@@YAHQEAUHINSTANCE__@@KQEAX@Z 000000018000c254 f   MSVCRT:dll_dllmain.obj
 0001:0000b348       ?find_pe_section@@YAPEAU_IMAGE_SECTION_HEADER@@QEAE_K@Z 000000018000c348 f   MSVCRT:utility.obj
 0001:0000b394       ?is_potentially_valid_image_base@@YA_NQEAX@Z 000000018000c394 f   MSVCRT:utility.obj
 0001:0000bef0       $$000000                   000000018000cef0     MSVCRT:_guard_dispatch_.obj
 0001:0000bf02       ?fin$0@?0??dllmain_crt_process_attach@@YAHQEAUHINSTANCE__@@QEAX@Z@4HA 000000018000cf02 f   MSVCRT:dll_dllmain.obj
 0001:0000bf19       ?fin$0@?0??dllmain_crt_process_detach@@YAH_N@Z@4HA 000000018000cf19 f   MSVCRT:dll_dllmain.obj
 0001:0000bf35       ?filt$0@?0??dllmain_dispatch@@YAHQEAUHINSTANCE__@@KQEAX@Z@4HA 000000018000cf35 f   MSVCRT:dll_dllmain.obj
 0001:0000bf6b       __scrt_is_nonwritable_in_current_image$filt$0 000000018000cf6b f   MSVCRT:utility.obj
 0002:000001f0       crc_table                  000000018000d1f0     crc32.obj
 0002:000021f0       ?my_version@?1??deflateInit2_@@9@9 000000018000f1f0     deflate.obj
 0002:00002200       configuration_table        000000018000f200     deflate.obj
 0002:000022a0       ?lenfix@?1??fixedtables@@9@9 000000018000f2a0     infback.obj
 0002:00002aa0       ?distfix@?1??fixedtables@@9@9 000000018000faa0     infback.obj
 0002:00002b20       ?order@?1??inflateBack@@9@9 000000018000fb20     infback.obj
 0002:00002b50       ?lenfix@?1??fixedtables@@9@9 000000018000fb50     inflate.obj
 0002:00003350       ?distfix@?1??fixedtables@@9@9 0000000180010350     inflate.obj
 0002:000033d0       ?order@?1??inflate@@9@9    00000001800103d0     inflate.obj
 0002:00003400       ?dext@?1??inflate_table@@9@9 0000000180010400     inftrees.obj
 0002:00003440       ?lext@?1??inflate_table@@9@9 0000000180010440     inftrees.obj
 0002:00003480       ?lbase@?1??inflate_table@@9@9 0000000180010480     inftrees.obj
 0002:000034c0       ?dbase@?1??inflate_table@@9@9 00000001800104c0     inftrees.obj
 0002:00003800       static_dtree               0000000180010800     trees.obj
 0002:00003880       extra_blbits               0000000180010880     trees.obj
 0002:000038d0       extra_lbits                00000001800108d0     trees.obj
 0002:00003950       base_dist                  0000000180010950     trees.obj
 0002:000039d0       base_length                00000001800109d0     trees.obj
 0002:00003a50       extra_dbits                0000000180010a50     trees.obj
 0002:00003ad0       static_ltree               0000000180010ad0     trees.obj
 0002:00003f50       bl_order                   0000000180010f50     trees.obj
 0002:00004760       $unwind$adler32_combine_   0000000180011760     adler32.obj
 0002:00004768       $unwind$compress2          0000000180011768     compress.obj
 0002:00004770       $chain$0$compress2         0000000180011770     compress.obj
 0002:00004784       $chain$2$compress2         0000000180011784     compress.obj
 0002:00004798       $chain$3$compress2         0000000180011798     compress.obj
 0002:000047a8       $unwind$compress           00000001800117a8     compress.obj
 0002:000047b0       $unwind$crc32_little       00000001800117b0     crc32.obj
 0002:000047b8       $chain$0$crc32_little      00000001800117b8     crc32.obj
 0002:000047cc       $chain$1$crc32_little      00000001800117cc     crc32.obj
 0002:000047dc       $unwind$crc32_big          00000001800117dc     crc32.obj
 0002:000047e4       $chain$0$crc32_big         00000001800117e4     crc32.obj
 0002:000047f8       $chain$1$crc32_big         00000001800117f8     crc32.obj
 0002:00004808       $unwind$gf2_matrix_square  0000000180011808     crc32.obj
 0002:00004810       $unwind$crc32_combine_     0000000180011810     crc32.obj
 0002:00004824       $unwind$deflateInit_       0000000180011824     deflate.obj
 0002:0000482c       $unwind$deflateInit2_      000000018001182c     deflate.obj
 0002:0000483c       $chain$2$deflateInit2_     000000018001183c     deflate.obj
 0002:00004858       $chain$3$deflateInit2_     0000000180011858     deflate.obj
 0002:0000486c       $chain$4$deflateInit2_     000000018001186c     deflate.obj
 0002:0000487c       $chain$6$deflateInit2_     000000018001187c     deflate.obj
 0002:0000489c       $chain$7$deflateInit2_     000000018001189c     deflate.obj
 0002:000048b8       $chain$8$deflateInit2_     00000001800118b8     deflate.obj
 0002:000048c8       $unwind$deflateSetDictionary 00000001800118c8     deflate.obj
 0002:000048d8       $chain$3$deflateSetDictionary 00000001800118d8     deflate.obj
 0002:000048f8       $chain$5$deflateSetDictionary 00000001800118f8     deflate.obj
 0002:0000490c       $chain$6$deflateSetDictionary 000000018001190c     deflate.obj
 0002:0000491c       $unwind$deflateResetKeep   000000018001191c     deflate.obj
 0002:00004928       $chain$0$deflateResetKeep  0000000180011928     deflate.obj
 0002:0000493c       $chain$1$deflateResetKeep  000000018001193c     deflate.obj
 0002:0000494c       $unwind$deflateReset       000000018001194c     deflate.obj
 0002:00004958       $unwind$deflatePrime       0000000180011958     deflate.obj
 0002:00004964       $unwind$deflateParams      0000000180011964     deflate.obj
 0002:00004974       $chain$0$deflateParams     0000000180011974     deflate.obj
 0002:00004988       $chain$1$deflateParams     0000000180011988     deflate.obj
 0002:0000499c       $chain$2$deflateParams     000000018001199c     deflate.obj
 0002:000049ac       $chain$4$deflateParams     00000001800119ac     deflate.obj
 0002:000049c0       $chain$5$deflateParams     00000001800119c0     deflate.obj
 0002:000049d0       $unwind$flush_pending      00000001800119d0     deflate.obj
 0002:000049e0       $chain$0$flush_pending     00000001800119e0     deflate.obj
 0002:000049f4       $chain$1$flush_pending     00000001800119f4     deflate.obj
 0002:00004a04       $unwind$deflate            0000000180011a04     deflate.obj
 0002:00004a10       $chain$1$deflate           0000000180011a10     deflate.obj
 0002:00004a28       $chain$2$deflate           0000000180011a28     deflate.obj
 0002:00004a3c       $chain$3$deflate           0000000180011a3c     deflate.obj
 0002:00004a4c       $chain$5$deflate           0000000180011a4c     deflate.obj
 0002:00004a64       $chain$6$deflate           0000000180011a64     deflate.obj
 0002:00004a74       $unwind$deflateEnd         0000000180011a74     deflate.obj
 0002:00004a7c       $chain$0$deflateEnd        0000000180011a7c     deflate.obj
 0002:00004a90       $chain$2$deflateEnd        0000000180011a90     deflate.obj
 0002:00004aa4       $chain$3$deflateEnd        0000000180011aa4     deflate.obj
 0002:00004ab4       $unwind$deflateCopy        0000000180011ab4     deflate.obj
 0002:00004ac0       $chain$0$deflateCopy       0000000180011ac0     deflate.obj
 0002:00004ad4       $chain$3$deflateCopy       0000000180011ad4     deflate.obj
 0002:00004aec       $chain$5$deflateCopy       0000000180011aec     deflate.obj
 0002:00004b04       $chain$6$deflateCopy       0000000180011b04     deflate.obj
 0002:00004b14       $unwind$read_buf           0000000180011b14     deflate.obj
 0002:00004b28       $unwind$lm_init            0000000180011b28     deflate.obj
 0002:00004b34       $unwind$longest_match      0000000180011b34     deflate.obj
 0002:00004b50       $unwind$fill_window        0000000180011b50     deflate.obj
 0002:00004b60       $chain$0$fill_window       0000000180011b60     deflate.obj
 0002:00004b74       $chain$1$fill_window       0000000180011b74     deflate.obj
 0002:00004b84       $unwind$deflate_stored     0000000180011b84     deflate.obj
 0002:00004b98       $unwind$deflate_fast       0000000180011b98     deflate.obj
 0002:00004bb0       $unwind$deflate_slow       0000000180011bb0     deflate.obj
 0002:00004bcc       $unwind$deflate_rle        0000000180011bcc     deflate.obj
 0002:00004be4       $unwind$deflate_huff       0000000180011be4     deflate.obj
 0002:00004bf4       $unwind$_vsnprintf_l       0000000180011bf4     gzlib.obj
 0002:00004c04       $unwind$_vsnprintf         0000000180011c04     gzlib.obj
 0002:00004c18       $unwind$_snprintf          0000000180011c18     gzlib.obj
 0002:00004c28       $unwind$gz_reset           0000000180011c28     gzlib.obj
 0002:00004c34       $unwind$gz_open            0000000180011c34     gzlib.obj
 0002:00004c48       $chain$0$gz_open           0000000180011c48     gzlib.obj
 0002:00004c5c       $chain$1$gz_open           0000000180011c5c     gzlib.obj
 0002:00004c70       $chain$2$gz_open           0000000180011c70     gzlib.obj
 0002:00004c80       $chain$3$gz_open           0000000180011c80     gzlib.obj
 0002:00004c90       $unwind$gzdopen            0000000180011c90     gzlib.obj
 0002:00004ca0       $unwind$gzrewind           0000000180011ca0     gzlib.obj
 0002:00004ca8       $unwind$gzseek64           0000000180011ca8     gzlib.obj
 0002:00004cb4       $chain$0$gzseek64          0000000180011cb4     gzlib.obj
 0002:00004cc8       $chain$2$gzseek64          0000000180011cc8     gzlib.obj
 0002:00004cdc       $chain$4$gzseek64          0000000180011cdc     gzlib.obj
 0002:00004cf0       $unwind$gzseek             0000000180011cf0     gzlib.obj
 0002:00004cf8       $unwind$gztell             0000000180011cf8     gzlib.obj
 0002:00004d00       $unwind$gzoffset64         0000000180011d00     gzlib.obj
 0002:00004d08       $unwind$gzoffset           0000000180011d08     gzlib.obj
 0002:00004d10       $unwind$gz_error           0000000180011d10     gzlib.obj
 0002:00004d20       $unwind$gz_load            0000000180011d20     gzread.obj
 0002:00004d34       $unwind$gz_avail           0000000180011d34     gzread.obj
 0002:00004d3c       $unwind$gz_look            0000000180011d3c     gzread.obj
 0002:00004d4c       $unwind$gz_decomp          0000000180011d4c     gzread.obj
 0002:00004d60       $unwind$gz_fetch           0000000180011d60     gzread.obj
 0002:00004d68       $unwind$gz_skip            0000000180011d68     gzread.obj
 0002:00004d74       $unwind$gzread             0000000180011d74     gzread.obj
 0002:00004d80       $chain$0$gzread            0000000180011d80     gzread.obj
 0002:00004d94       $chain$5$gzread            0000000180011d94     gzread.obj
 0002:00004db4       $unwind$gzgetc             0000000180011db4     gzread.obj
 0002:00004dbc       $unwind$gzungetc           0000000180011dbc     gzread.obj
 0002:00004dc8       $unwind$gzgets             0000000180011dc8     gzread.obj
 0002:00004dd4       $chain$3$gzgets            0000000180011dd4     gzread.obj
 0002:00004df4       $chain$5$gzgets            0000000180011df4     gzread.obj
 0002:00004e14       $chain$6$gzgets            0000000180011e14     gzread.obj
 0002:00004e24       $unwind$gzdirect           0000000180011e24     gzread.obj
 0002:00004e2c       $unwind$gzclose_r          0000000180011e2c     gzread.obj
 0002:00004e3c       $unwind$vsnprintf          0000000180011e3c     gzwrite.obj
 0002:00004e50       $unwind$gz_init            0000000180011e50     gzwrite.obj
 0002:00004e5c       $unwind$gz_comp            0000000180011e5c     gzwrite.obj
 0002:00004e70       $unwind$gz_zero            0000000180011e70     gzwrite.obj
 0002:00004e7c       $chain$1$gz_zero           0000000180011e7c     gzwrite.obj
 0002:00004e94       $chain$3$gz_zero           0000000180011e94     gzwrite.obj
 0002:00004eac       $unwind$gzwrite            0000000180011eac     gzwrite.obj
 0002:00004ec4       $unwind$gzputc             0000000180011ec4     gzwrite.obj
 0002:00004ed0       $unwind$gzputs             0000000180011ed0     gzwrite.obj
 0002:00004ed8       $unwind$gzvprintf          0000000180011ed8     gzwrite.obj
 0002:00004ee4       $chain$2$gzvprintf         0000000180011ee4     gzwrite.obj
 0002:00004f00       $chain$3$gzvprintf         0000000180011f00     gzwrite.obj
 0002:00004f18       $unwind$gzprintf           0000000180011f18     gzwrite.obj
 0002:00004f20       $unwind$gzflush            0000000180011f20     gzwrite.obj
 0002:00004f2c       $unwind$gzsetparams        0000000180011f2c     gzwrite.obj
 0002:00004f40       $unwind$gzclose_w          0000000180011f40     gzwrite.obj
 0002:00004f4c       $unwind$inflateBackInit_   0000000180011f4c     infback.obj
 0002:00004f5c       $chain$1$inflateBackInit_  0000000180011f5c     infback.obj
 0002:00004f74       $chain$3$inflateBackInit_  0000000180011f74     infback.obj
 0002:00004f8c       $chain$4$inflateBackInit_  0000000180011f8c     infback.obj
 0002:00004f9c       $unwind$inflateBack        0000000180011f9c     infback.obj
 0002:00004fac       $chain$3$inflateBack       0000000180011fac     infback.obj
 0002:00004fcc       $chain$4$inflateBack       0000000180011fcc     infback.obj
 0002:00004fdc       $unwind$inflateBackEnd     0000000180011fdc     infback.obj
 0002:00004fe4       $unwind$inflate_fast       0000000180011fe4     inffast.obj
 0002:00004ffc       $unwind$inflateReset2      0000000180011ffc     inflate.obj
 0002:0000500c       $chain$0$inflateReset2     000000018001200c     inflate.obj
 0002:00005020       $chain$2$inflateReset2     0000000180012020     inflate.obj
 0002:00005034       $chain$3$inflateReset2     0000000180012034     inflate.obj
 0002:00005044       $unwind$inflateInit2_      0000000180012044     inflate.obj
 0002:00005050       $chain$1$inflateInit2_     0000000180012050     inflate.obj
 0002:00005068       $chain$3$inflateInit2_     0000000180012068     inflate.obj
 0002:00005080       $chain$4$inflateInit2_     0000000180012080     inflate.obj
 0002:00005090       $unwind$updatewindow       0000000180012090     inflate.obj
 0002:000050a4       $chain$0$updatewindow      00000001800120a4     inflate.obj
 0002:000050b8       $chain$1$updatewindow      00000001800120b8     inflate.obj
 0002:000050c8       $unwind$inflate            00000001800120c8     inflate.obj
 0002:000050d4       $chain$4$inflate           00000001800120d4     inflate.obj
 0002:000050f8       $chain$6$inflate           00000001800120f8     inflate.obj
 0002:0000511c       $chain$7$inflate           000000018001211c     inflate.obj
 0002:0000512c       $unwind$inflateEnd         000000018001212c     inflate.obj
 0002:00005134       $unwind$inflateGetDictionary 0000000180012134     inflate.obj
 0002:00005144       $unwind$inflateSetDictionary 0000000180012144     inflate.obj
 0002:00005158       $unwind$syncsearch         0000000180012158     inflate.obj
 0002:00005160       $unwind$inflateSync        0000000180012160     inflate.obj
 0002:0000516c       $chain$1$inflateSync       000000018001216c     inflate.obj
 0002:00005184       $chain$3$inflateSync       0000000180012184     inflate.obj
 0002:0000519c       $chain$4$inflateSync       000000018001219c     inflate.obj
 0002:000051ac       $unwind$inflateCopy        00000001800121ac     inflate.obj
 0002:000051b8       $chain$1$inflateCopy       00000001800121b8     inflate.obj
 0002:000051d0       $chain$2$inflateCopy       00000001800121d0     inflate.obj
 0002:000051e4       $chain$3$inflateCopy       00000001800121e4     inflate.obj
 0002:000051f4       $chain$5$inflateCopy       00000001800121f4     inflate.obj
 0002:00005210       $chain$6$inflateCopy       0000000180012210     inflate.obj
 0002:00005220       $unwind$inflate_table      0000000180012220     inftrees.obj
 0002:00005234       $chain$0$inflate_table     0000000180012234     inftrees.obj
 0002:00005248       $chain$1$inflate_table     0000000180012248     inftrees.obj
 0002:00005258       $unwind$pqdownheap         0000000180012258     trees.obj
 0002:00005264       $chain$1$pqdownheap        0000000180012264     trees.obj
 0002:0000527c       $chain$3$pqdownheap        000000018001227c     trees.obj
 0002:00005294       $chain$4$pqdownheap        0000000180012294     trees.obj
 0002:000052a4       $unwind$gen_bitlen         00000001800122a4     trees.obj
 0002:000052bc       $chain$0$gen_bitlen        00000001800122bc     trees.obj
 0002:000052d0       $chain$1$gen_bitlen        00000001800122d0     trees.obj
 0002:000052e0       $unwind$gen_codes          00000001800122e0     trees.obj
 0002:000052e8       $unwind$build_tree         00000001800122e8     trees.obj
 0002:00005304       $unwind$scan_tree          0000000180012304     trees.obj
 0002:00005310       $chain$4$scan_tree         0000000180012310     trees.obj
 0002:00005334       $chain$5$scan_tree         0000000180012334     trees.obj
 0002:00005344       $unwind$send_tree          0000000180012344     trees.obj
 0002:0000534c       $chain$6$send_tree         000000018001234c     trees.obj
 0002:00005378       $chain$7$send_tree         0000000180012378     trees.obj
 0002:00005388       $unwind$build_bl_tree      0000000180012388     trees.obj
 0002:00005390       $unwind$send_all_trees     0000000180012390     trees.obj
 0002:000053a0       $unwind$_tr_flush_block    00000001800123a0     trees.obj
 0002:000053b4       $unwind$compress_block     00000001800123b4     trees.obj
 0002:000053c0       $chain$1$compress_block    00000001800123c0     trees.obj
 0002:000053d8       $chain$4$compress_block    00000001800123d8     trees.obj
 0002:000053f4       $chain$5$compress_block    00000001800123f4     trees.obj
 0002:00005404       $chain$6$compress_block    0000000180012404     trees.obj
 0002:00005414       $unwind$copy_block         0000000180012414     trees.obj
 0002:0000541c       $unwind$uncompress         000000018001241c     uncompr.obj
 0002:00005424       $chain$0$uncompress        0000000180012424     uncompr.obj
 0002:00005438       $chain$2$uncompress        0000000180012438     uncompr.obj
 0002:0000544c       $chain$4$uncompress        000000018001244c     uncompr.obj
 0002:00005460       $chain$5$uncompress        0000000180012460     uncompr.obj
 0002:00005470       $unwind$?dllmain_crt_process_attach@@YAHQEAUHINSTANCE__@@QEAX@Z 0000000180012470     MSVCRT:dll_dllmain.obj
 0002:0000549c       $unwind$?fin$0@?0??dllmain_crt_process_attach@@YAHQEAUHINSTANCE__@@QEAX@Z@4HA 000000018001249c     MSVCRT:dll_dllmain.obj
 0002:000054a4       $unwind$?dllmain_crt_process_detach@@YAH_N@Z 00000001800124a4     MSVCRT:dll_dllmain.obj
 0002:000054cc       $unwind$?fin$0@?0??dllmain_crt_process_detach@@YAH_N@Z@4HA 00000001800124cc     MSVCRT:dll_dllmain.obj
 0002:000054d4       $unwind$?dllmain_crt_dispatch@@YAHQEAUHINSTANCE__@@KQEAX@Z 00000001800124d4     MSVCRT:dll_dllmain.obj
 0002:000054dc       $unwind$?dllmain_raw@@YAHQEAUHINSTANCE__@@KQEAX@Z 00000001800124dc     MSVCRT:dll_dllmain.obj
 0002:000054f0       $unwind$?dllmain_dispatch@@YAHQEAUHINSTANCE__@@KQEAX@Z 00000001800124f0     MSVCRT:dll_dllmain.obj
 0002:00005518       $unwind$?filt$0@?0??dllmain_dispatch@@YAHQEAUHINSTANCE__@@KQEAX@Z@4HA 0000000180012518     MSVCRT:dll_dllmain.obj
 0002:00005520       $unwind$_DllMainCRTStartup 0000000180012520     MSVCRT:dll_dllmain.obj
 0002:00005530       $unwind$atexit             0000000180012530     MSVCRT:utility.obj
 0002:00005538       $unwind$_onexit            0000000180012538     MSVCRT:utility.obj
 0002:00005540       $unwind$__scrt_is_nonwritable_in_current_image 0000000180012540     MSVCRT:utility.obj
 0002:00005560       $unwind$__scrt_is_nonwritable_in_current_image$filt$0 0000000180012560     MSVCRT:utility.obj
 0002:00005568       $unwind$__scrt_acquire_startup_lock 0000000180012568     MSVCRT:utility.obj
 0002:00005570       $unwind$__scrt_release_startup_lock 0000000180012570     MSVCRT:utility.obj
 0002:00005578       $unwind$__scrt_initialize_crt 0000000180012578     MSVCRT:utility.obj
 0002:00005580       $unwind$__scrt_uninitialize_crt 0000000180012580     MSVCRT:utility.obj
 0002:00005588       $unwind$__scrt_initialize_onexit_tables 0000000180012588     MSVCRT:utility.obj
 0002:00005594       $unwind$__scrt_dllmain_exception_filter 0000000180012594     MSVCRT:utility.obj
 0002:000055a8       $unwind$__scrt_dllmain_before_initialize_c 00000001800125a8     MSVCRT:utility.obj
 0002:000055b0       $unwind$__scrt_dllmain_after_initialize_c 00000001800125b0     MSVCRT:utility.obj
 0002:000055b8       $unwind$__scrt_dllmain_uninitialize_c 00000001800125b8     MSVCRT:utility.obj
 0002:000055c0       $unwind$__scrt_dllmain_uninitialize_critical 00000001800125c0     MSVCRT:utility.obj
 0002:000055c8       $unwind$__scrt_dllmain_crt_thread_attach 00000001800125c8     MSVCRT:utility.obj
 0002:000055d0       $unwind$__scrt_dllmain_crt_thread_detach 00000001800125d0     MSVCRT:utility.obj
 0002:000055d8       $unwind$?configure_argv@__scrt_narrow_argv_policy@@SAHXZ 00000001800125d8     MSVCRT:utility.obj
 0002:000055e0       $unwind$__security_init_cookie 00000001800125e0     MSVCRT:gs_support.obj
 0002:000055ec       $unwind$DllMain            00000001800125ec     MSVCRT:dll_dllmain_stub.obj
 0002:000055f4       $unwind$__scrt_initialize_default_local_stdio_options 00000001800125f4     MSVCRT:default_local_stdio_options.obj
 0002:000055fc       $unwind$__scrt_get_show_window_mode 00000001800125fc     MSVCRT:utility_desktop.obj
 0002:00005604       $unwind$__scrt_is_managed_app 0000000180012604     MSVCRT:utility_desktop.obj
 0002:0000560c       $unwind$__scrt_fastfail    000000018001260c     MSVCRT:utility_desktop.obj
 0002:0000561c       $unwind$__scrt_unhandled_exception_filter 000000018001261c     MSVCRT:utility_desktop.obj
 0002:00005624       $unwind$_RTC_Initialize    0000000180012624     MSVCRT:_initsect_.obj
 0002:00005634       $unwind$_RTC_Terminate     0000000180012634     MSVCRT:_initsect_.obj
 0002:00005644       $unwind$__isa_available_init 0000000180012644     MSVCRT:_cpu_disp_.obj
 0002:00005658       $xdatasym                  0000000180012658     MSVCRT:_guard_dispatch_.obj
 0002:00005660       .edata                     0000000180012660     zlib1.exp
 0002:00005688       rgpv                       0000000180012688     zlib1.exp
 0002:000057c0       rgszName                   00000001800127c0     zlib1.exp
 0002:000058f8       rgwOrd                     00000001800128f8     zlib1.exp
 0002:00005994       szName                     0000000180012994     zlib1.exp
 0002:0000599e       $N00001                    000000018001299e     zlib1.exp
 0002:000059a6       $N00002                    00000001800129a6     zlib1.exp
 0002:000059b6       $N00003                    00000001800129b6     zlib1.exp
 0002:000059c8       $N00004                    00000001800129c8     zlib1.exp
 0002:000059d1       $N00005                    00000001800129d1     zlib1.exp
 0002:000059db       $N00006                    00000001800129db     zlib1.exp
 0002:000059e9       $N00007                    00000001800129e9     zlib1.exp
 0002:000059ef       $N00008                    00000001800129ef     zlib1.exp
 0002:000059fd       $N00009                    00000001800129fd     zlib1.exp
 0002:00005a0d       $N00010                    0000000180012a0d     zlib1.exp
 0002:00005a15       $N00011                    0000000180012a15     zlib1.exp
 0002:00005a22       $N00012                    0000000180012a22     zlib1.exp
 0002:00005a2e       $N00013                    0000000180012a2e     zlib1.exp
 0002:00005a39       $N00014                    0000000180012a39     zlib1.exp
 0002:00005a47       $N00015                    0000000180012a47     zlib1.exp
 0002:00005a54       $N00016                    0000000180012a54     zlib1.exp
 0002:00005a62       $N00017                    0000000180012a62     zlib1.exp
 0002:00005a71       $N00018                    0000000180012a71     zlib1.exp
 0002:00005a7e       $N00019                    0000000180012a7e     zlib1.exp
 0002:00005a8b       $N00020                    0000000180012a8b     zlib1.exp
 0002:00005a9c       $N00021                    0000000180012a9c     zlib1.exp
 0002:00005ab1       $N00022                    0000000180012ab1     zlib1.exp
 0002:00005ac2       $N00023                    0000000180012ac2     zlib1.exp
 0002:00005ace       $N00024                    0000000180012ace     zlib1.exp
 0002:00005adc       $N00025                    0000000180012adc     zlib1.exp
 0002:00005ae5       $N00026                    0000000180012ae5     zlib1.exp
 0002:00005af0       $N00027                    0000000180012af0     zlib1.exp
 0002:00005af8       $N00028                    0000000180012af8     zlib1.exp
 0002:00005b02       $N00029                    0000000180012b02     zlib1.exp
 0002:00005b0c       $N00030                    0000000180012b0c     zlib1.exp
 0002:00005b15       $N00031                    0000000180012b15     zlib1.exp
 0002:00005b1d       $N00032                    0000000180012b1d     zlib1.exp
 0002:00005b23       $N00033                    0000000180012b23     zlib1.exp
 0002:00005b2b       $N00034                    0000000180012b2b     zlib1.exp
 0002:00005b33       $N00035                    0000000180012b33     zlib1.exp
 0002:00005b3a       $N00036                    0000000180012b3a     zlib1.exp
 0002:00005b42       $N00037                    0000000180012b42     zlib1.exp
 0002:00005b49       $N00038                    0000000180012b49     zlib1.exp
 0002:00005b52       $N00039                    0000000180012b52     zlib1.exp
 0002:00005b5d       $N00040                    0000000180012b5d     zlib1.exp
 0002:00005b64       $N00041                    0000000180012b64     zlib1.exp
 0002:00005b6d       $N00042                    0000000180012b6d     zlib1.exp
 0002:00005b76       $N00043                    0000000180012b76     zlib1.exp
 0002:00005b7f       $N00044                    0000000180012b7f     zlib1.exp
 0002:00005b86       $N00045                    0000000180012b86     zlib1.exp
 0002:00005b8d       $N00046                    0000000180012b8d     zlib1.exp
 0002:00005b94       $N00047                    0000000180012b94     zlib1.exp
 0002:00005b9d       $N00048                    0000000180012b9d     zlib1.exp
 0002:00005ba4       $N00049                    0000000180012ba4     zlib1.exp
 0002:00005bad       $N00050                    0000000180012bad     zlib1.exp
 0002:00005bb9       $N00051                    0000000180012bb9     zlib1.exp
 0002:00005bc0       $N00052                    0000000180012bc0     zlib1.exp
 0002:00005bc9       $N00053                    0000000180012bc9     zlib1.exp
 0002:00005bd2       $N00054                    0000000180012bd2     zlib1.exp
 0002:00005bdc       $N00055                    0000000180012bdc     zlib1.exp
 0002:00005be4       $N00056                    0000000180012be4     zlib1.exp
 0002:00005bec       $N00057                    0000000180012bec     zlib1.exp
 0002:00005bf8       $N00058                    0000000180012bf8     zlib1.exp
 0002:00005c07       $N00059                    0000000180012c07     zlib1.exp
 0002:00005c18       $N00060                    0000000180012c18     zlib1.exp
 0002:00005c24       $N00061                    0000000180012c24     zlib1.exp
 0002:00005c2f       $N00062                    0000000180012c2f     zlib1.exp
 0002:00005c44       $N00063                    0000000180012c44     zlib1.exp
 0002:00005c55       $N00064                    0000000180012c55     zlib1.exp
 0002:00005c63       $N00065                    0000000180012c63     zlib1.exp
 0002:00005c70       $N00066                    0000000180012c70     zlib1.exp
 0002:00005c7c       $N00067                    0000000180012c7c     zlib1.exp
 0002:00005c89       $N00068                    0000000180012c89     zlib1.exp
 0002:00005c96       $N00069                    0000000180012c96     zlib1.exp
 0002:00005ca4       $N00070                    0000000180012ca4     zlib1.exp
 0002:00005cb5       $N00071                    0000000180012cb5     zlib1.exp
 0002:00005cca       $N00072                    0000000180012cca     zlib1.exp
 0002:00005cd6       $N00073                    0000000180012cd6     zlib1.exp
 0002:00005ce7       $N00074                    0000000180012ce7     zlib1.exp
 0002:00005cf8       $N00075                    0000000180012cf8     zlib1.exp
 0002:00005d03       $N00076                    0000000180012d03     zlib1.exp
 0002:00005d0a       $N00077                    0000000180012d0a     zlib1.exp
 0002:00005d1b       $N00078                    0000000180012d1b     zlib1.exp
 0002:00005f94       .idata$6                   0000000180012f94     vcruntime:VCRUNTIME140.dll
 0002:00006120       .idata$6                   0000000180013120     ucrt:api-ms-win-crt-stdio-l1-1-0.dll
 0002:00006140       .idata$6                   0000000180013140     ucrt:api-ms-win-crt-convert-l1-1-0.dll
 0002:00006162       .idata$6                   0000000180013162     ucrt:api-ms-win-crt-heap-l1-1-0.dll
 0002:00006182       .idata$6                   0000000180013182     ucrt:api-ms-win-crt-runtime-l1-1-0.dll
 0002:00006308       .idata$6                   0000000180013308     kernel32:KERNEL32.dll
 0003:00000038       static_l_desc              0000000180014038     trees.obj
 0003:00000058       static_bl_desc             0000000180014058     trees.obj
 0003:00000078       static_d_desc              0000000180014078     trees.obj
 0003:000000a0       ?__proc_attached@@3HA      00000001800140a0     MSVCRT:dll_dllmain.obj
 0003:000000b8       ?module_local_atexit_table@@3U_onexit_table_t@@A 00000001800140b8     MSVCRT:utility.obj
 0003:000000d0       ?module_local_at_quick_exit_table@@3U_onexit_table_t@@A 00000001800140d0     MSVCRT:utility.obj
 0003:000000e8       ?is_initialized_as_dll@@3_NA 00000001800140e8     MSVCRT:utility.obj
 0004:00000000       $pdata$adler32_combine_    0000000180015000     adler32.obj
 0004:0000000c       $pdata$compress2           000000018001500c     compress.obj
 0004:00000018       $pdata$0$compress2         0000000180015018     compress.obj
 0004:00000024       $pdata$2$compress2         0000000180015024     compress.obj
 0004:00000030       $pdata$3$compress2         0000000180015030     compress.obj
 0004:0000003c       $pdata$compress            000000018001503c     compress.obj
 0004:00000048       $pdata$crc32_little        0000000180015048     crc32.obj
 0004:00000054       $pdata$0$crc32_little      0000000180015054     crc32.obj
 0004:00000060       $pdata$1$crc32_little      0000000180015060     crc32.obj
 0004:0000006c       $pdata$crc32_big           000000018001506c     crc32.obj
 0004:00000078       $pdata$0$crc32_big         0000000180015078     crc32.obj
 0004:00000084       $pdata$1$crc32_big         0000000180015084     crc32.obj
 0004:00000090       $pdata$gf2_matrix_square   0000000180015090     crc32.obj
 0004:0000009c       $pdata$crc32_combine_      000000018001509c     crc32.obj
 0004:000000a8       $pdata$deflateInit_        00000001800150a8     deflate.obj
 0004:000000b4       $pdata$deflateInit2_       00000001800150b4     deflate.obj
 0004:000000c0       $pdata$2$deflateInit2_     00000001800150c0     deflate.obj
 0004:000000cc       $pdata$3$deflateInit2_     00000001800150cc     deflate.obj
 0004:000000d8       $pdata$4$deflateInit2_     00000001800150d8     deflate.obj
 0004:000000e4       $pdata$6$deflateInit2_     00000001800150e4     deflate.obj
 0004:000000f0       $pdata$7$deflateInit2_     00000001800150f0     deflate.obj
 0004:000000fc       $pdata$8$deflateInit2_     00000001800150fc     deflate.obj
 0004:00000108       $pdata$deflateSetDictionary 0000000180015108     deflate.obj
 0004:00000114       $pdata$3$deflateSetDictionary 0000000180015114     deflate.obj
 0004:00000120       $pdata$5$deflateSetDictionary 0000000180015120     deflate.obj
 0004:0000012c       $pdata$6$deflateSetDictionary 000000018001512c     deflate.obj
 0004:00000138       $pdata$deflateResetKeep    0000000180015138     deflate.obj
 0004:00000144       $pdata$0$deflateResetKeep  0000000180015144     deflate.obj
 0004:00000150       $pdata$1$deflateResetKeep  0000000180015150     deflate.obj
 0004:0000015c       $pdata$deflateReset        000000018001515c     deflate.obj
 0004:00000168       $pdata$deflatePrime        0000000180015168     deflate.obj
 0004:00000174       $pdata$deflateParams       0000000180015174     deflate.obj
 0004:00000180       $pdata$0$deflateParams     0000000180015180     deflate.obj
 0004:0000018c       $pdata$1$deflateParams     000000018001518c     deflate.obj
 0004:00000198       $pdata$2$deflateParams     0000000180015198     deflate.obj
 0004:000001a4       $pdata$4$deflateParams     00000001800151a4     deflate.obj
 0004:000001b0       $pdata$5$deflateParams     00000001800151b0     deflate.obj
 0004:000001bc       $pdata$flush_pending       00000001800151bc     deflate.obj
 0004:000001c8       $pdata$0$flush_pending     00000001800151c8     deflate.obj
 0004:000001d4       $pdata$1$flush_pending     00000001800151d4     deflate.obj
 0004:000001e0       $pdata$deflate             00000001800151e0     deflate.obj
 0004:000001ec       $pdata$1$deflate           00000001800151ec     deflate.obj
 0004:000001f8       $pdata$2$deflate           00000001800151f8     deflate.obj
 0004:00000204       $pdata$3$deflate           0000000180015204     deflate.obj
 0004:00000210       $pdata$5$deflate           0000000180015210     deflate.obj
 0004:0000021c       $pdata$6$deflate           000000018001521c     deflate.obj
 0004:00000228       $pdata$deflateEnd          0000000180015228     deflate.obj
 0004:00000234       $pdata$0$deflateEnd        0000000180015234     deflate.obj
 0004:00000240       $pdata$2$deflateEnd        0000000180015240     deflate.obj
 0004:0000024c       $pdata$3$deflateEnd        000000018001524c     deflate.obj
 0004:00000258       $pdata$deflateCopy         0000000180015258     deflate.obj
 0004:00000264       $pdata$0$deflateCopy       0000000180015264     deflate.obj
 0004:00000270       $pdata$3$deflateCopy       0000000180015270     deflate.obj
 0004:0000027c       $pdata$5$deflateCopy       000000018001527c     deflate.obj
 0004:00000288       $pdata$6$deflateCopy       0000000180015288     deflate.obj
 0004:00000294       $pdata$read_buf            0000000180015294     deflate.obj
 0004:000002a0       $pdata$lm_init             00000001800152a0     deflate.obj
 0004:000002ac       $pdata$longest_match       00000001800152ac     deflate.obj
 0004:000002b8       $pdata$fill_window         00000001800152b8     deflate.obj
 0004:000002c4       $pdata$0$fill_window       00000001800152c4     deflate.obj
 0004:000002d0       $pdata$1$fill_window       00000001800152d0     deflate.obj
 0004:000002dc       $pdata$deflate_stored      00000001800152dc     deflate.obj
 0004:000002e8       $pdata$deflate_fast        00000001800152e8     deflate.obj
 0004:000002f4       $pdata$deflate_slow        00000001800152f4     deflate.obj
 0004:00000300       $pdata$deflate_rle         0000000180015300     deflate.obj
 0004:0000030c       $pdata$deflate_huff        000000018001530c     deflate.obj
 0004:00000318       $pdata$_vsnprintf_l        0000000180015318     gzlib.obj
 0004:00000324       $pdata$_vsnprintf          0000000180015324     gzlib.obj
 0004:00000330       $pdata$_snprintf           0000000180015330     gzlib.obj
 0004:0000033c       $pdata$gz_reset            000000018001533c     gzlib.obj
 0004:00000348       $pdata$gz_open             0000000180015348     gzlib.obj
 0004:00000354       $pdata$0$gz_open           0000000180015354     gzlib.obj
 0004:00000360       $pdata$1$gz_open           0000000180015360     gzlib.obj
 0004:0000036c       $pdata$2$gz_open           000000018001536c     gzlib.obj
 0004:00000378       $pdata$3$gz_open           0000000180015378     gzlib.obj
 0004:00000384       $pdata$gzdopen             0000000180015384     gzlib.obj
 0004:00000390       $pdata$gzrewind            0000000180015390     gzlib.obj
 0004:0000039c       $pdata$gzseek64            000000018001539c     gzlib.obj
 0004:000003a8       $pdata$0$gzseek64          00000001800153a8     gzlib.obj
 0004:000003b4       $pdata$2$gzseek64          00000001800153b4     gzlib.obj
 0004:000003c0       $pdata$4$gzseek64          00000001800153c0     gzlib.obj
 0004:000003cc       $pdata$gzseek              00000001800153cc     gzlib.obj
 0004:000003d8       $pdata$gztell              00000001800153d8     gzlib.obj
 0004:000003e4       $pdata$gzoffset64          00000001800153e4     gzlib.obj
 0004:000003f0       $pdata$gzoffset            00000001800153f0     gzlib.obj
 0004:000003fc       $pdata$gz_error            00000001800153fc     gzlib.obj
 0004:00000408       $pdata$gz_load             0000000180015408     gzread.obj
 0004:00000414       $pdata$gz_avail            0000000180015414     gzread.obj
 0004:00000420       $pdata$gz_look             0000000180015420     gzread.obj
 0004:0000042c       $pdata$gz_decomp           000000018001542c     gzread.obj
 0004:00000438       $pdata$gz_fetch            0000000180015438     gzread.obj
 0004:00000444       $pdata$gz_skip             0000000180015444     gzread.obj
 0004:00000450       $pdata$gzread              0000000180015450     gzread.obj
 0004:0000045c       $pdata$0$gzread            000000018001545c     gzread.obj
 0004:00000468       $pdata$5$gzread            0000000180015468     gzread.obj
 0004:00000474       $pdata$gzgetc              0000000180015474     gzread.obj
 0004:00000480       $pdata$gzungetc            0000000180015480     gzread.obj
 0004:0000048c       $pdata$gzgets              000000018001548c     gzread.obj
 0004:00000498       $pdata$3$gzgets            0000000180015498     gzread.obj
 0004:000004a4       $pdata$5$gzgets            00000001800154a4     gzread.obj
 0004:000004b0       $pdata$6$gzgets            00000001800154b0     gzread.obj
 0004:000004bc       $pdata$gzdirect            00000001800154bc     gzread.obj
 0004:000004c8       $pdata$gzclose_r           00000001800154c8     gzread.obj
 0004:000004d4       $pdata$vsnprintf           00000001800154d4     gzwrite.obj
 0004:000004e0       $pdata$gz_init             00000001800154e0     gzwrite.obj
 0004:000004ec       $pdata$gz_comp             00000001800154ec     gzwrite.obj
 0004:000004f8       $pdata$gz_zero             00000001800154f8     gzwrite.obj
 0004:00000504       $pdata$1$gz_zero           0000000180015504     gzwrite.obj
 0004:00000510       $pdata$3$gz_zero           0000000180015510     gzwrite.obj
 0004:0000051c       $pdata$gzwrite             000000018001551c     gzwrite.obj
 0004:00000528       $pdata$gzputc              0000000180015528     gzwrite.obj
 0004:00000534       $pdata$gzputs              0000000180015534     gzwrite.obj
 0004:00000540       $pdata$gzvprintf           0000000180015540     gzwrite.obj
 0004:0000054c       $pdata$2$gzvprintf         000000018001554c     gzwrite.obj
 0004:00000558       $pdata$3$gzvprintf         0000000180015558     gzwrite.obj
 0004:00000564       $pdata$gzprintf            0000000180015564     gzwrite.obj
 0004:00000570       $pdata$gzflush             0000000180015570     gzwrite.obj
 0004:0000057c       $pdata$gzsetparams         000000018001557c     gzwrite.obj
 0004:00000588       $pdata$gzclose_w           0000000180015588     gzwrite.obj
 0004:00000594       $pdata$inflateBackInit_    0000000180015594     infback.obj
 0004:000005a0       $pdata$1$inflateBackInit_  00000001800155a0     infback.obj
 0004:000005ac       $pdata$3$inflateBackInit_  00000001800155ac     infback.obj
 0004:000005b8       $pdata$4$inflateBackInit_  00000001800155b8     infback.obj
 0004:000005c4       $pdata$inflateBack         00000001800155c4     infback.obj
 0004:000005d0       $pdata$3$inflateBack       00000001800155d0     infback.obj
 0004:000005dc       $pdata$4$inflateBack       00000001800155dc     infback.obj
 0004:000005e8       $pdata$inflateBackEnd      00000001800155e8     infback.obj
 0004:000005f4       $pdata$inflate_fast        00000001800155f4     inffast.obj
 0004:00000600       $pdata$inflateReset2       0000000180015600     inflate.obj
 0004:0000060c       $pdata$0$inflateReset2     000000018001560c     inflate.obj
 0004:00000618       $pdata$2$inflateReset2     0000000180015618     inflate.obj
 0004:00000624       $pdata$3$inflateReset2     0000000180015624     inflate.obj
 0004:00000630       $pdata$inflateInit2_       0000000180015630     inflate.obj
 0004:0000063c       $pdata$1$inflateInit2_     000000018001563c     inflate.obj
 0004:00000648       $pdata$3$inflateInit2_     0000000180015648     inflate.obj
 0004:00000654       $pdata$4$inflateInit2_     0000000180015654     inflate.obj
 0004:00000660       $pdata$updatewindow        0000000180015660     inflate.obj
 0004:0000066c       $pdata$0$updatewindow      000000018001566c     inflate.obj
 0004:00000678       $pdata$1$updatewindow      0000000180015678     inflate.obj
 0004:00000684       $pdata$inflate             0000000180015684     inflate.obj
 0004:00000690       $pdata$4$inflate           0000000180015690     inflate.obj
 0004:0000069c       $pdata$6$inflate           000000018001569c     inflate.obj
 0004:000006a8       $pdata$7$inflate           00000001800156a8     inflate.obj
 0004:000006b4       $pdata$inflateEnd          00000001800156b4     inflate.obj
 0004:000006c0       $pdata$inflateGetDictionary 00000001800156c0     inflate.obj
 0004:000006cc       $pdata$inflateSetDictionary 00000001800156cc     inflate.obj
 0004:000006d8       $pdata$syncsearch          00000001800156d8     inflate.obj
 0004:000006e4       $pdata$inflateSync         00000001800156e4     inflate.obj
 0004:000006f0       $pdata$1$inflateSync       00000001800156f0     inflate.obj
 0004:000006fc       $pdata$3$inflateSync       00000001800156fc     inflate.obj
 0004:00000708       $pdata$4$inflateSync       0000000180015708     inflate.obj
 0004:00000714       $pdata$inflateCopy         0000000180015714     inflate.obj
 0004:00000720       $pdata$1$inflateCopy       0000000180015720     inflate.obj
 0004:0000072c       $pdata$2$inflateCopy       000000018001572c     inflate.obj
 0004:00000738       $pdata$3$inflateCopy       0000000180015738     inflate.obj
 0004:00000744       $pdata$5$inflateCopy       0000000180015744     inflate.obj
 0004:00000750       $pdata$6$inflateCopy       0000000180015750     inflate.obj
 0004:0000075c       $pdata$inflate_table       000000018001575c     inftrees.obj
 0004:00000768       $pdata$0$inflate_table     0000000180015768     inftrees.obj
 0004:00000774       $pdata$1$inflate_table     0000000180015774     inftrees.obj
 0004:00000780       $pdata$pqdownheap          0000000180015780     trees.obj
 0004:0000078c       $pdata$1$pqdownheap        000000018001578c     trees.obj
 0004:00000798       $pdata$3$pqdownheap        0000000180015798     trees.obj
 0004:000007a4       $pdata$4$pqdownheap        00000001800157a4     trees.obj
 0004:000007b0       $pdata$gen_bitlen          00000001800157b0     trees.obj
 0004:000007bc       $pdata$0$gen_bitlen        00000001800157bc     trees.obj
 0004:000007c8       $pdata$1$gen_bitlen        00000001800157c8     trees.obj
 0004:000007d4       $pdata$gen_codes           00000001800157d4     trees.obj
 0004:000007e0       $pdata$build_tree          00000001800157e0     trees.obj
 0004:000007ec       $pdata$scan_tree           00000001800157ec     trees.obj
 0004:000007f8       $pdata$4$scan_tree         00000001800157f8     trees.obj
 0004:00000804       $pdata$5$scan_tree         0000000180015804     trees.obj
 0004:00000810       $pdata$send_tree           0000000180015810     trees.obj
 0004:0000081c       $pdata$6$send_tree         000000018001581c     trees.obj
 0004:00000828       $pdata$7$send_tree         0000000180015828     trees.obj
 0004:00000834       $pdata$build_bl_tree       0000000180015834     trees.obj
 0004:00000840       $pdata$send_all_trees      0000000180015840     trees.obj
 0004:0000084c       $pdata$_tr_flush_block     000000018001584c     trees.obj
 0004:00000858       $pdata$compress_block      0000000180015858     trees.obj
 0004:00000864       $pdata$1$compress_block    0000000180015864     trees.obj
 0004:00000870       $pdata$4$compress_block    0000000180015870     trees.obj
 0004:0000087c       $pdata$5$compress_block    000000018001587c     trees.obj
 0004:00000888       $pdata$6$compress_block    0000000180015888     trees.obj
 0004:00000894       $pdata$copy_block          0000000180015894     trees.obj
 0004:000008a0       $pdata$uncompress          00000001800158a0     uncompr.obj
 0004:000008ac       $pdata$0$uncompress        00000001800158ac     uncompr.obj
 0004:000008b8       $pdata$2$uncompress        00000001800158b8     uncompr.obj
 0004:000008c4       $pdata$4$uncompress        00000001800158c4     uncompr.obj
 0004:000008d0       $pdata$5$uncompress        00000001800158d0     uncompr.obj
 0004:000008dc       $pdata$?dllmain_crt_dispatch@@YAHQEAUHINSTANCE__@@KQEAX@Z 00000001800158dc     MSVCRT:dll_dllmain.obj
 0004:000008e8       $pdata$?dllmain_crt_process_attach@@YAHQEAUHINSTANCE__@@QEAX@Z 00000001800158e8     MSVCRT:dll_dllmain.obj
 0004:000008f4       $pdata$?dllmain_crt_process_detach@@YAH_N@Z 00000001800158f4     MSVCRT:dll_dllmain.obj
 0004:00000900       $pdata$?dllmain_dispatch@@YAHQEAUHINSTANCE__@@KQEAX@Z 0000000180015900     MSVCRT:dll_dllmain.obj
 0004:0000090c       $pdata$?dllmain_raw@@YAHQEAUHINSTANCE__@@KQEAX@Z 000000018001590c     MSVCRT:dll_dllmain.obj
 0004:00000918       $pdata$_DllMainCRTStartup  0000000180015918     MSVCRT:dll_dllmain.obj
 0004:00000924       $pdata$?configure_argv@__scrt_narrow_argv_policy@@SAHXZ 0000000180015924     MSVCRT:utility.obj
 0004:00000930       $pdata$__scrt_acquire_startup_lock 0000000180015930     MSVCRT:utility.obj
 0004:0000093c       $pdata$__scrt_dllmain_after_initialize_c 000000018001593c     MSVCRT:utility.obj
 0004:00000948       $pdata$__scrt_dllmain_before_initialize_c 0000000180015948     MSVCRT:utility.obj
 0004:00000954       $pdata$__scrt_dllmain_crt_thread_attach 0000000180015954     MSVCRT:utility.obj
 0004:00000960       $pdata$__scrt_dllmain_crt_thread_detach 0000000180015960     MSVCRT:utility.obj
 0004:0000096c       $pdata$__scrt_dllmain_exception_filter 000000018001596c     MSVCRT:utility.obj
 0004:00000978       $pdata$__scrt_dllmain_uninitialize_c 0000000180015978     MSVCRT:utility.obj
 0004:00000984       $pdata$__scrt_dllmain_uninitialize_critical 0000000180015984     MSVCRT:utility.obj
 0004:00000990       $pdata$__scrt_initialize_crt 0000000180015990     MSVCRT:utility.obj
 0004:0000099c       $pdata$__scrt_initialize_onexit_tables 000000018001599c     MSVCRT:utility.obj
 0004:000009a8       $pdata$__scrt_is_nonwritable_in_current_image 00000001800159a8     MSVCRT:utility.obj
 0004:000009b4       $pdata$__scrt_release_startup_lock 00000001800159b4     MSVCRT:utility.obj
 0004:000009c0       $pdata$__scrt_uninitialize_crt 00000001800159c0     MSVCRT:utility.obj
 0004:000009cc       $pdata$_onexit             00000001800159cc     MSVCRT:utility.obj
 0004:000009d8       $pdata$atexit              00000001800159d8     MSVCRT:utility.obj
 0004:000009e4       $pdata$__security_init_cookie 00000001800159e4     MSVCRT:gs_support.obj
 0004:000009f0       $pdata$DllMain             00000001800159f0     MSVCRT:dll_dllmain_stub.obj
 0004:000009fc       $pdata$__scrt_initialize_default_local_stdio_options 00000001800159fc     MSVCRT:default_local_stdio_options.obj
 0004:00000a08       $pdata$__scrt_fastfail     0000000180015a08     MSVCRT:utility_desktop.obj
 0004:00000a14       $pdata$__scrt_get_show_window_mode 0000000180015a14     MSVCRT:utility_desktop.obj
 0004:00000a20       $pdata$__scrt_is_managed_app 0000000180015a20     MSVCRT:utility_desktop.obj
 0004:00000a2c       $pdata$__scrt_unhandled_exception_filter 0000000180015a2c     MSVCRT:utility_desktop.obj
 0004:00000a38       $pdata$_RTC_Initialize     0000000180015a38     MSVCRT:_initsect_.obj
 0004:00000a44       $pdata$_RTC_Terminate      0000000180015a44     MSVCRT:_initsect_.obj
 0004:00000a50       $pdata$__isa_available_init 0000000180015a50     MSVCRT:_cpu_disp_.obj
 0004:00000a68       $pdata$?fin$0@?0??dllmain_crt_process_attach@@YAHQEAUHINSTANCE__@@QEAX@Z@4HA 0000000180015a68     MSVCRT:dll_dllmain.obj
 0004:00000a74       $pdata$?fin$0@?0??dllmain_crt_process_detach@@YAH_N@Z@4HA 0000000180015a74     MSVCRT:dll_dllmain.obj
 0004:00000a80       $pdata$?filt$0@?0??dllmain_dispatch@@YAHQEAUHINSTANCE__@@KQEAX@Z@4HA 0000000180015a80     MSVCRT:dll_dllmain.obj
 0004:00000a8c       $pdata$__scrt_is_nonwritable_in_current_image$filt$0 0000000180015a8c     MSVCRT:utility.obj
 0005:00000000       __guard_fids_?dllmain_crt_process_attach@@YAHQEAUHINSTANCE__@@QEAX@Z 0000000180016000     MSVCRT:dll_dllmain.obj
 0005:00000008       __guard_fids_?dllmain_dispatch@@YAHQEAUHINSTANCE__@@KQEAX@Z 0000000180016008     MSVCRT:dll_dllmain.obj
 0005:0000000c       __guard_fids___scrt_set_unhandled_exception_filter 000000018001600c     MSVCRT:utility_desktop.obj
 0005:00000010       __guard_fids__             0000000180016010     MSVCRT:guard_support.obj
 0005:00000014       __guard_fids__guard_icall_checks_enforced 0000000180016014     MSVCRT:guard_support.obj
 0006:00000060       $R000000                   0000000180017060     zlib.res
